Component: ARM Compiler 5.06 update 6 (build 750) Tool: armlink [4d35ed]

==============================================================================

Section Cross References

    system_stm32f4xx.o(i.SystemCoreClockUpdate) refers to system_stm32f4xx.o(.data) for .data
    system_stm32f4xx.o(i.SystemCoreClockUpdate) refers to system_stm32f4xx.o(.constdata) for .constdata
    stm32f4xx_hal_flash_ex.o(i.HAL_FLASHEx_Erase) refers to stm32f4xx_hal_flash.o(i.FLASH_WaitForLastOperation) for FLASH_WaitForLastOperation
    stm32f4xx_hal_flash_ex.o(i.HAL_FLASHEx_Erase) refers to stm32f4xx_hal_flash_ex.o(i.FLASH_MassErase) for FLASH_MassErase
    stm32f4xx_hal_flash_ex.o(i.HAL_FLASHEx_Erase) refers to stm32f4xx_hal_flash_ex.o(i.FLASH_Erase_Sector) for FLASH_Erase_Sector
    stm32f4xx_hal_flash_ex.o(i.HAL_FLASHEx_Erase) refers to stm32f4xx_hal_flash_ex.o(i.FLASH_FlushCaches) for FLASH_FlushCaches
    stm32f4xx_hal_flash_ex.o(i.HAL_FLASHEx_Erase) refers to stm32f4xx_hal_flash.o(.bss) for pFlash
    stm32f4xx_hal_flash_ex.o(i.HAL_FLASHEx_Erase_IT) refers to stm32f4xx_hal_flash_ex.o(i.FLASH_Erase_Sector) for FLASH_Erase_Sector
    stm32f4xx_hal_flash_ex.o(i.HAL_FLASHEx_Erase_IT) refers to stm32f4xx_hal_flash_ex.o(i.FLASH_MassErase) for FLASH_MassErase
    stm32f4xx_hal_flash_ex.o(i.HAL_FLASHEx_Erase_IT) refers to stm32f4xx_hal_flash.o(.bss) for pFlash
    stm32f4xx_hal_flash_ex.o(i.HAL_FLASHEx_OBProgram) refers to stm32f4xx_hal_flash.o(i.FLASH_WaitForLastOperation) for FLASH_WaitForLastOperation
    stm32f4xx_hal_flash_ex.o(i.HAL_FLASHEx_OBProgram) refers to stm32f4xx_hal_flash.o(.bss) for pFlash
    stm32f4xx_hal_crc.o(i.HAL_CRC_DeInit) refers to stm32f4xx_hal_msp.o(i.HAL_CRC_MspDeInit) for HAL_CRC_MspDeInit
    stm32f4xx_hal_crc.o(i.HAL_CRC_Init) refers to stm32f4xx_hal_msp.o(i.HAL_CRC_MspInit) for HAL_CRC_MspInit
    stm32f4xx_hal_cortex.o(i.HAL_NVIC_SetPriority) refers to stm32f4xx_hal_cortex.o(i.NVIC_SetPriority) for NVIC_SetPriority
    stm32f4xx_hal_cortex.o(i.HAL_SYSTICK_Config) refers to stm32f4xx_hal_cortex.o(i.NVIC_SetPriority) for NVIC_SetPriority
    stm32f4xx_hal_cortex.o(i.HAL_SYSTICK_IRQHandler) refers to stm32f4xx_hal_cortex.o(i.HAL_SYSTICK_Callback) for HAL_SYSTICK_Callback
    stm32f4xx_hal_flash.o(i.FLASH_SetErrorCode) refers to stm32f4xx_hal_flash.o(.bss) for .bss
    stm32f4xx_hal_flash.o(i.FLASH_WaitForLastOperation) refers to stm32f4xx_hal.o(i.HAL_GetTick) for HAL_GetTick
    stm32f4xx_hal_flash.o(i.FLASH_WaitForLastOperation) refers to stm32f4xx_hal_flash.o(i.FLASH_SetErrorCode) for FLASH_SetErrorCode
    stm32f4xx_hal_flash.o(i.FLASH_WaitForLastOperation) refers to stm32f4xx_hal_flash.o(.bss) for .bss
    stm32f4xx_hal_flash.o(i.HAL_FLASH_GetError) refers to stm32f4xx_hal_flash.o(.bss) for .bss
    stm32f4xx_hal_flash.o(i.HAL_FLASH_IRQHandler) refers to stm32f4xx_hal_flash.o(i.FLASH_SetErrorCode) for FLASH_SetErrorCode
    stm32f4xx_hal_flash.o(i.HAL_FLASH_IRQHandler) refers to stm32f4xx_hal_flash.o(i.HAL_FLASH_OperationErrorCallback) for HAL_FLASH_OperationErrorCallback
    stm32f4xx_hal_flash.o(i.HAL_FLASH_IRQHandler) refers to stm32f4xx_hal_flash.o(i.HAL_FLASH_EndOfOperationCallback) for HAL_FLASH_EndOfOperationCallback
    stm32f4xx_hal_flash.o(i.HAL_FLASH_IRQHandler) refers to stm32f4xx_hal_flash_ex.o(i.FLASH_Erase_Sector) for FLASH_Erase_Sector
    stm32f4xx_hal_flash.o(i.HAL_FLASH_IRQHandler) refers to stm32f4xx_hal_flash_ex.o(i.FLASH_FlushCaches) for FLASH_FlushCaches
    stm32f4xx_hal_flash.o(i.HAL_FLASH_IRQHandler) refers to stm32f4xx_hal_flash.o(.bss) for .bss
    stm32f4xx_hal_flash.o(i.HAL_FLASH_OB_Launch) refers to stm32f4xx_hal_flash.o(i.FLASH_WaitForLastOperation) for FLASH_WaitForLastOperation
    stm32f4xx_hal_flash.o(i.HAL_FLASH_Program) refers to stm32f4xx_hal_flash.o(i.FLASH_WaitForLastOperation) for FLASH_WaitForLastOperation
    stm32f4xx_hal_flash.o(i.HAL_FLASH_Program) refers to stm32f4xx_hal_flash.o(i.FLASH_Program_DoubleWord) for FLASH_Program_DoubleWord
    stm32f4xx_hal_flash.o(i.HAL_FLASH_Program) refers to stm32f4xx_hal_flash.o(i.FLASH_Program_Byte) for FLASH_Program_Byte
    stm32f4xx_hal_flash.o(i.HAL_FLASH_Program) refers to stm32f4xx_hal_flash.o(i.FLASH_Program_HalfWord) for FLASH_Program_HalfWord
    stm32f4xx_hal_flash.o(i.HAL_FLASH_Program) refers to stm32f4xx_hal_flash.o(i.FLASH_Program_Word) for FLASH_Program_Word
    stm32f4xx_hal_flash.o(i.HAL_FLASH_Program) refers to stm32f4xx_hal_flash.o(.bss) for .bss
    stm32f4xx_hal_flash.o(i.HAL_FLASH_Program_IT) refers to stm32f4xx_hal_flash.o(i.FLASH_Program_DoubleWord) for FLASH_Program_DoubleWord
    stm32f4xx_hal_flash.o(i.HAL_FLASH_Program_IT) refers to stm32f4xx_hal_flash.o(i.FLASH_Program_Byte) for FLASH_Program_Byte
    stm32f4xx_hal_flash.o(i.HAL_FLASH_Program_IT) refers to stm32f4xx_hal_flash.o(i.FLASH_Program_HalfWord) for FLASH_Program_HalfWord
    stm32f4xx_hal_flash.o(i.HAL_FLASH_Program_IT) refers to stm32f4xx_hal_flash.o(i.FLASH_Program_Word) for FLASH_Program_Word
[...]
    main.o(i.bootloader_handle_mem_write_cmd) refers to main.o(i.execute_mem_write) for execute_mem_write
    main.o(i.bootloader_handle_mem_write_cmd) refers to main.o(.bss) for .bss
    main.o(i.bootloader_handle_read_sector_protection_status) refers to main.o(i.printmsg) for printmsg
    main.o(i.bootloader_handle_read_sector_protection_status) refers to main.o(i.bootloader_verify_crc) for bootloader_verify_crc
    main.o(i.bootloader_handle_read_sector_protection_status) refers to main.o(i.bootloader_send_nack) for bootloader_send_nack
    main.o(i.bootloader_handle_read_sector_protection_status) refers to main.o(i.bootloader_send_ack) for bootloader_send_ack
    main.o(i.bootloader_handle_read_sector_protection_status) refers to main.o(i.read_OB_rw_protection_status) for read_OB_rw_protection_status
    main.o(i.bootloader_handle_read_sector_protection_status) refers to main.o(i.bootloader_uart_write_data) for bootloader_uart_write_data
    main.o(i.bootloader_handle_read_sector_protection_status) refers to main.o(.bss) for .bss
    main.o(i.bootloader_jump_to_user_app) refers to main.o(i.printmsg) for printmsg
    main.o(i.bootloader_send_ack) refers to stm32f4xx_hal_uart.o(i.HAL_UART_Transmit) for HAL_UART_Transmit
    main.o(i.bootloader_send_ack) refers to main.o(.bss) for .bss
    main.o(i.bootloader_send_nack) refers to stm32f4xx_hal_uart.o(i.HAL_UART_Transmit) for HAL_UART_Transmit
    main.o(i.bootloader_send_nack) refers to main.o(.bss) for .bss
    main.o(i.bootloader_uart_read_data) refers to memseta.o(.text) for __aeabi_memclr4
    main.o(i.bootloader_uart_read_data) refers to stm32f4xx_hal_uart.o(i.HAL_UART_Receive) for HAL_UART_Receive
    main.o(i.bootloader_uart_read_data) refers to main.o(i.bootloader_handle_getver_cmd) for bootloader_handle_getver_cmd
    main.o(i.bootloader_uart_read_data) refers to main.o(i.bootloader_handle_gethelp_cmd) for bootloader_handle_gethelp_cmd
    main.o(i.bootloader_uart_read_data) refers to main.o(i.bootloader_handle_getcid_cmd) for bootloader_handle_getcid_cmd
    main.o(i.bootloader_uart_read_data) refers to main.o(i.bootloader_handle_getrdp_cmd) for bootloader_handle_getrdp_cmd
    main.o(i.bootloader_uart_read_data) refers to main.o(i.bootloader_handle_go_cmd) for bootloader_handle_go_cmd
    main.o(i.bootloader_uart_read_data) refers to main.o(i.bootloader_handle_flash_erase_cmd) for bootloader_handle_flash_erase_cmd
    main.o(i.bootloader_uart_read_data) refers to main.o(i.bootloader_handle_mem_write_cmd) for bootloader_handle_mem_write_cmd
    main.o(i.bootloader_uart_read_data) refers to main.o(i.bootloader_handle_en_rw_protect) for bootloader_handle_en_rw_protect
    main.o(i.bootloader_uart_read_data) refers to main.o(i.bootloader_handle_read_sector_protection_status) for bootloader_handle_read_sector_protection_status
    main.o(i.bootloader_uart_read_data) refers to main.o(i.bootloader_handle_dis_rw_protect) for bootloader_handle_dis_rw_protect
    main.o(i.bootloader_uart_read_data) refers to main.o(i.printmsg) for printmsg
    main.o(i.bootloader_uart_read_data) refers to main.o(.bss) for .bss
    main.o(i.bootloader_uart_write_data) refers to stm32f4xx_hal_uart.o(i.HAL_UART_Transmit) for HAL_UART_Transmit
    main.o(i.bootloader_uart_write_data) refers to main.o(.bss) for .bss
    main.o(i.bootloader_verify_crc) refers to stm32f4xx_hal_crc.o(i.HAL_CRC_Accumulate) for HAL_CRC_Accumulate
    main.o(i.bootloader_verify_crc) refers to main.o(.data) for .data
    main.o(i.configure_flash_sector_rw_protection) refers to stm32f4xx_hal_flash.o(i.HAL_FLASH_OB_Unlock) for HAL_FLASH_OB_Unlock
    main.o(i.configure_flash_sector_rw_protection) refers to stm32f4xx_hal_flash.o(i.HAL_FLASH_OB_Lock) for HAL_FLASH_OB_Lock
    main.o(i.execute_flash_erase) refers to stm32f4xx_hal_flash.o(i.HAL_FLASH_Unlock) for HAL_FLASH_Unlock
    main.o(i.execute_flash_erase) refers to stm32f4xx_hal_flash_ex.o(i.HAL_FLASHEx_Erase) for HAL_FLASHEx_Erase
    main.o(i.execute_flash_erase) refers to stm32f4xx_hal_flash.o(i.HAL_FLASH_Lock) for HAL_FLASH_Lock
    main.o(i.execute_mem_write) refers to stm32f4xx_hal_flash.o(i.HAL_FLASH_Unlock) for HAL_FLASH_Unlock
    main.o(i.execute_mem_write) refers to stm32f4xx_hal_flash.o(i.HAL_FLASH_Program) for HAL_FLASH_Program
    main.o(i.execute_mem_write) refers to stm32f4xx_hal_flash.o(i.HAL_FLASH_Lock) for HAL_FLASH_Lock
    main.o(i.flash_testing) refers to stm32f4xx_hal_flash.o(i.HAL_FLASH_OB_Unlock) for HAL_FLASH_OB_Unlock
    main.o(i.flash_testing) refers to stm32f4xx_hal_flash.o(i.HAL_FLASH_OB_Lock) for HAL_FLASH_OB_Lock
    main.o(i.main) refers to stm32f4xx_hal.o(i.HAL_Init) for HAL_Init
    main.o(i.main) refers to main.o(i.SystemClock_Config) for SystemClock_Config
    main.o(i.main) refers to main.o(i.MX_GPIO_Init) for MX_GPIO_Init
    main.o(i.main) refers to stm32f4xx_hal_crc.o(i.HAL_CRC_Init) for HAL_CRC_Init
    main.o(i.main) refers to stm32f4xx_hal_uart.o(i.HAL_UART_Init) for HAL_UART_Init
    main.o(i.main) refers to stm32f4xx_hal_gpio.o(i.HAL_GPIO_ReadPin) for HAL_GPIO_ReadPin
    main.o(i.main) refers to main.o(i.printmsg) for printmsg
    main.o(i.main) refers to main.o(i.bootloader_jump_to_user_app) for bootloader_jump_to_user_app
    main.o(i.main) refers to main.o(i.bootloader_uart_read_data) for bootloader_uart_read_data
    main.o(i.main) refers to main.o(.data) for .data
    main.o(i.main) refers to main.o(.bss) for .bss
    main.o(i.printmsg) refers to printfa.o(i.__0vsprintf) for vsprintf
    main.o(i.printmsg) refers to strlen.o(.text) for strlen
    main.o(i.printmsg) refers to stm32f4xx_hal_uart.o(i.HAL_UART_Transmit) for HAL_UART_Transmit
    main.o(i.printmsg) refers to main.o(.bss) for .bss
    main.o(i.read_OB_rw_protection_status) refers to stm32f4xx_hal_flash.o(i.HAL_FLASH_OB_Unlock) for HAL_FLASH_OB_Unlock
    main.o(i.read_OB_rw_protection_status) refers to stm32f4xx_hal_flash_ex.o(i.HAL_FLASHEx_OBGetConfig) for HAL_FLASHEx_OBGetConfig
    main.o(i.read_OB_rw_protection_status) refers to stm32f4xx_hal_flash.o(i.HAL_FLASH_Lock) for HAL_FLASH_Lock
    entry.o(.ARM.Collect$$$$00000000) refers (Special) to entry10a.o(.ARM.Collect$$$$0000000D) for __rt_final_cpp
    entry.o(.ARM.Collect$$$$00000000) refers (Special) to entry11a.o(.ARM.Collect$$$$0000000F) for __rt_final_exit
    entry.o(.ARM.Collect$$$$00000000) refers (Special) to entry7b.o(.ARM.Collect$$$$00000008) for _main_clock
    entry.o(.ARM.Collect$$$$00000000) refers (Special) to entry8b.o(.ARM.Collect$$$$0000000A) for _main_cpp_init
    entry.o(.ARM.Collect$$$$00000000) refers (Special) to entry9a.o(.ARM.Collect$$$$0000000B) for _main_init
    entry.o(.ARM.Collect$$$$00000000) refers (Special) to entry5.o(.ARM.Collect$$$$00000004) for _main_scatterload
    entry.o(.ARM.Collect$$$$00000000) refers (Special) to entry2.o(.ARM.Collect$$$$00000001) for _main_stk
    printfa.o(i.__0fprintf) refers (Special) to iusefp.o(.text) for __I$use$fp
    printfa.o(i.__0fprintf) refers to printfa.o(i._printf_core) for _printf_core
    printfa.o(i.__0fprintf) refers to fputc.o(i.fputc) for fputc
    printfa.o(i.__0printf) refers (Special) to iusefp.o(.text) for __I$use$fp
    printfa.o(i.__0printf) refers to printfa.o(i._printf_core) for _printf_core
    printfa.o(i.__0printf) refers to fputc.o(i.fputc) for fputc
    printfa.o(i.__0printf) refers to stdout.o(.data) for __stdout
    printfa.o(i.__0snprintf) refers (Special) to iusefp.o(.text) for __I$use$fp
    printfa.o(i.__0snprintf) refers to printfa.o(i._printf_core) for _printf_core
    printfa.o(i.__0snprintf) refers to printfa.o(i._snputc) for _snputc
    printfa.o(i.__0sprintf) refers (Special) to iusefp.o(.text) for __I$use$fp
    printfa.o(i.__0sprintf) refers to printfa.o(i._printf_core) for _printf_core
    printfa.o(i.__0sprintf) refers to printfa.o(i._sputc) for _sputc
    printfa.o(i.__0vfprintf) refers (Special) to iusefp.o(.text) for __I$use$fp
    printfa.o(i.__0vfprintf) refers to printfa.o(i._printf_core) for _printf_core
    printfa.o(i.__0vfprintf) refers to fputc.o(i.fputc) for fputc
    printfa.o(i.__0vprintf) refers (Special) to iusefp.o(.text) for __I$use$fp
    printfa.o(i.__0vprintf) refers to printfa.o(i._printf_core) for _printf_core
    printfa.o(i.__0vprintf) refers to fputc.o(i.fputc) for fputc
    printfa.o(i.__0vprintf) refers to stdout.o(.data) for __stdout
    printfa.o(i.__0vsnprintf) refers (Special) to iusefp.o(.text) for __I$use$fp
    printfa.o(i.__0vsnprintf) refers to printfa.o(i._printf_core) for _printf_core
    printfa.o(i.__0vsnprintf) refers to printfa.o(i._snputc) for _snputc
    printfa.o(i.__0vsprintf) refers (Special) to iusefp.o(.text) for __I$use$fp
    printfa.o(i.__0vsprintf) refers to printfa.o(i._printf_core) for _printf_core
    printfa.o(i.__0vsprintf) refers to printfa.o(i._sputc) for _sputc
    printfa.o(i._fp_digits) refers (Special) to iusefp.o(.text) for __I$use$fp
    printfa.o(i._fp_digits) refers to dmul.o(.text) for __aeabi_dmul
    printfa.o(i._fp_digits) refers to ddiv.o(.text) for __aeabi_ddiv
    printfa.o(i._fp_digits) refers to cdrcmple.o(.text) for __aeabi_cdrcmple
    printfa.o(i._fp_digits) refers to dadd.o(.text) for __aeabi_dadd
    printfa.o(i._fp_digits) refers to dfixul.o(.text) for __aeabi_d2ulz
    printfa.o(i._fp_digits) refers to uldiv.o(.text) for __aeabi_uldivmod
    printfa.o(i._printf_core) refers (Special) to iusefp.o(.text) for __I$use$fp
    printfa.o(i._printf_core) refers to printfa.o(i._printf_pre_padding) for _printf_pre_padding
    printfa.o(i._printf_core) refers to uldiv.o(.text) for __aeabi_uldivmod
    printfa.o(i._printf_core) refers to printfa.o(i._printf_post_padding) for _printf_post_padding
    printfa.o(i._printf_core) refers to printfa.o(i._fp_digits) for _fp_digits
    printfa.o(i._printf_core) refers to uidiv.o(.text) for __aeabi_uidivmod
    printfa.o(i._printf_post_padding) refers (Special) to iusefp.o(.text) for __I$use$fp
    printfa.o(i._printf_pre_padding) refers (Special) to iusefp.o(.text) for __I$use$fp
    printfa.o(i._snputc) refers (Special) to iusefp.o(.text) for __I$use$fp
    printfa.o(i._sputc) refers (Special) to iusefp.o(.text) for __I$use$fp
    entry2.o(.ARM.Collect$$$$00000001) refers to entry2.o(.ARM.Collect$$$$00002712) for __lit__00000000
    entry2.o(.ARM.Collect$$$$00002712) refers to startup_stm32f407xx.o(STACK) for __initial_sp
    entry2.o(__vectab_stack_and_reset_area) refers to startup_stm32f407xx.o(STACK) for __initial_sp
    entry2.o(__vectab_stack_and_reset_area) refers to entry.o(.ARM.Collect$$$$00000000) for __main
    entry5.o(.ARM.Collect$$$$00000004) refers to init.o(.text) for __scatterload
    entry9a.o(.ARM.Collect$$$$0000000B) refers to main.o(i.main) for main
    entry9b.o(.ARM.Collect$$$$0000000C) refers to main.o(i.main) for main
    fputc.o(i.fputc) refers (Special) to iusesemip.o(.text) for __I$use$semihosting$fputc
    fputc.o(i.fputc) refers (Special) to semi.o(.text) for __semihosting_library_function
    uldiv.o(.text) refers to llushr.o(.text) for __aeabi_llsr
    uldiv.o(.text) refers to llshl.o(.text) for __aeabi_llsl
    dadd.o(.text) refers to llshl.o(.text) for __aeabi_llsl
    dadd.o(.text) refers to llsshr.o(.text) for __aeabi_lasr
    dadd.o(.text) refers to depilogue.o(.text) for _double_epilogue
    dmul.o(.text) refers to depilogue.o(.text) for _double_epilogue
    ddiv.o(.text) refers to depilogue.o(.text) for _double_round
    dfixul.o(.text) refers to llushr.o(.text) for __aeabi_llsr
    dfixul.o(.text) refers to llshl.o(.text) for __aeabi_llsl
    init.o(.text) refers to entry5.o(.ARM.Collect$$$$00000004) for __main_after_scatterload
    depilogue.o(.text) refers to llshl.o(.text) for __aeabi_llsl
    depilogue.o(.text) refers to llushr.o(.text) for __aeabi_llsr


==============================================================================

Removing Unused input sections from the image.

    Removing system_stm32f4xx.o(.rev16_text), (4 bytes).
    Removing system_stm32f4xx.o(.revsh_text), (4 bytes).
    Removing system_stm32f4xx.o(.rrx_text), (6 bytes).
    Removing system_stm32f4xx.o(i.SystemCoreClockUpdate), (124 bytes).
    Removing stm32f4xx_hal_flash_ex.o(.rev16_text), (4 bytes).
    Removing stm32f4xx_hal_flash_ex.o(.revsh_text), (4 bytes).
    Removing stm32f4xx_hal_flash_ex.o(.rrx_text), (6 bytes).
    Removing stm32f4xx_hal_flash_ex.o(i.HAL_FLASHEx_Erase_IT), (104 bytes).
    Removing stm32f4xx_hal_flash_ex.o(i.HAL_FLASHEx_OBProgram), (204 bytes).
    Removing stm32f4xx_hal_crc.o(.rev16_text), (4 bytes).
    Removing stm32f4xx_hal_crc.o(.revsh_text), (4 bytes).
    Removing stm32f4xx_hal_crc.o(.rrx_text), (6 bytes).
    Removing stm32f4xx_hal_crc.o(i.HAL_CRC_Calculate), (62 bytes).
    Removing stm32f4xx_hal_crc.o(i.HAL_CRC_DeInit), (28 bytes).
    Removing stm32f4xx_hal_crc.o(i.HAL_CRC_GetState), (4 bytes).
    Removing stm32f4xx_hal_crc.o(i.HAL_CRC_MspDeInit), (2 bytes).
    Removing stm32f4xx_hal_crc.o(i.HAL_CRC_MspInit), (2 bytes).
    Removing stm32f4xx_hal_cortex.o(.rev16_text), (4 bytes).
    Removing stm32f4xx_hal_cortex.o(.revsh_text), (4 bytes).
    Removing stm32f4xx_hal_cortex.o(.rrx_text), (6 bytes).
    Removing stm32f4xx_hal_cortex.o(i.HAL_MPU_ConfigRegion), (84 bytes).
    Removing stm32f4xx_hal_cortex.o(i.HAL_MPU_Disable), (28 bytes).
    Removing stm32f4xx_hal_cortex.o(i.HAL_MPU_Enable), (36 bytes).
    Removing stm32f4xx_hal_cortex.o(i.HAL_NVIC_ClearPendingIRQ), (22 bytes).
    Removing stm32f4xx_hal_cortex.o(i.HAL_NVIC_DisableIRQ), (22 bytes).
    Removing stm32f4xx_hal_cortex.o(i.HAL_NVIC_EnableIRQ), (22 bytes).
    Removing stm32f4xx_hal_cortex.o(i.HAL_NVIC_GetActive), (32 bytes).
    Removing stm32f4xx_hal_cortex.o(i.HAL_NVIC_GetPendingIRQ), (32 bytes).
    Removing stm32f4xx_hal_cortex.o(i.HAL_NVIC_GetPriority), (82 bytes).
    Removing stm32f4xx_hal_cortex.o(i.HAL_NVIC_GetPriorityGrouping), (16 bytes).
    Removing stm32f4xx_hal_cortex.o(i.HAL_NVIC_SetPendingIRQ), (22 bytes).
    Removing stm32f4xx_hal_cortex.o(i.HAL_NVIC_SystemReset), (36 bytes).
    Removing stm32f4xx_hal_flash.o(.rev16_text), (4 bytes).
    Removing stm32f4xx_hal_flash.o(.revsh_text), (4 bytes).
    Removing stm32f4xx_hal_flash.o(.rrx_text), (6 bytes).
    Removing stm32f4xx_hal_flash.o(i.HAL_FLASH_EndOfOperationCallback), (2 bytes).
    Removing stm32f4xx_hal_flash.o(i.HAL_FLASH_GetError), (12 bytes).
    Removing stm32f4xx_hal_flash.o(i.HAL_FLASH_IRQHandler), (204 bytes).
    Removing stm32f4xx_hal_flash.o(i.HAL_FLASH_OB_Launch), (24 bytes).
    Removing stm32f4xx_hal_flash.o(i.HAL_FLASH_OperationErrorCallback), (2 bytes).
    Removing stm32f4xx_hal_flash.o(i.HAL_FLASH_Program_IT), (108 bytes).
    Removing stm32f4xx_hal_dma_ex.o(.rev16_text), (4 bytes).
    Removing stm32f4xx_hal_dma_ex.o(.revsh_text), (4 bytes).
    Removing stm32f4xx_hal_dma_ex.o(.rrx_text), (6 bytes).
    Removing stm32f4xx_hal_dma_ex.o(i.DMA_MultiBufferSetConfig), (30 bytes).
    Removing stm32f4xx_hal_dma_ex.o(i.HAL_DMAEx_ChangeMemory), (14 bytes).
    Removing stm32f4xx_hal_dma_ex.o(i.HAL_DMAEx_MultiBufferStart), (100 bytes).
    Removing stm32f4xx_hal_dma_ex.o(i.HAL_DMAEx_MultiBufferStart_IT), (2452 bytes).
    Removing stm32f4xx_hal_pwr_ex.o(.rev16_text), (4 bytes).
    Removing stm32f4xx_hal_pwr_ex.o(.revsh_text), (4 bytes).
    Removing stm32f4xx_hal_pwr_ex.o(.rrx_text), (6 bytes).
    Removing stm32f4xx_hal_pwr_ex.o(i.HAL_PWREx_ControlVoltageScaling), (88 bytes).
    Removing stm32f4xx_hal_pwr_ex.o(i.HAL_PWREx_DisableBkUpReg), (76 bytes).
    Removing stm32f4xx_hal_pwr_ex.o(i.HAL_PWREx_DisableFlashPowerDown), (28 bytes).
    Removing stm32f4xx_hal_pwr_ex.o(i.HAL_PWREx_EnableBkUpReg), (76 bytes).
    Removing stm32f4xx_hal_pwr_ex.o(i.HAL_PWREx_EnableFlashPowerDown), (24 bytes).
    Removing stm32f4xx_hal_pwr_ex.o(i.HAL_PWREx_GetVoltageRange), (16 bytes).
    Removing stm32f4xx_hal_gpio.o(.rev16_text), (4 bytes).
    Removing stm32f4xx_hal_gpio.o(.revsh_text), (4 bytes).
    Removing stm32f4xx_hal_gpio.o(.rrx_text), (6 bytes).
    Removing stm32f4xx_hal_gpio.o(i.HAL_GPIO_DeInit), (328 bytes).
    Removing stm32f4xx_hal_gpio.o(i.HAL_GPIO_EXTI_Callback), (2 bytes).
    Removing stm32f4xx_hal_gpio.o(i.HAL_GPIO_EXTI_IRQHandler), (24 bytes).
    Removing stm32f4xx_hal_gpio.o(i.HAL_GPIO_LockPin), (34 bytes).
    Removing stm32f4xx_hal_gpio.o(i.HAL_GPIO_TogglePin), (8 bytes).
    Removing stm32f4xx_hal_pwr.o(.rev16_text), (4 bytes).
    Removing stm32f4xx_hal_pwr.o(.revsh_text), (4 bytes).
    Removing stm32f4xx_hal_pwr.o(.rrx_text), (6 bytes).
    Removing stm32f4xx_hal_pwr.o(i.HAL_PWR_ConfigPVD), (124 bytes).
    Removing stm32f4xx_hal_pwr.o(i.HAL_PWR_DeInit), (24 bytes).
    Removing stm32f4xx_hal_pwr.o(i.HAL_PWR_DisableBkUpAccess), (28 bytes).
    Removing stm32f4xx_hal_pwr.o(i.HAL_PWR_DisablePVD), (24 bytes).
    Removing stm32f4xx_hal_pwr.o(i.HAL_PWR_DisableSEVOnPend), (16 bytes).
    Removing stm32f4xx_hal_pwr.o(i.HAL_PWR_DisableSleepOnExit), (16 bytes).
    Removing stm32f4xx_hal_pwr.o(i.HAL_PWR_DisableWakeUpPin), (16 bytes).
    Removing stm32f4xx_hal_pwr.o(i.HAL_PWR_EnableBkUpAccess), (24 bytes).
    Removing stm32f4xx_hal_pwr.o(i.HAL_PWR_EnablePVD), (24 bytes).
    Removing stm32f4xx_hal_pwr.o(i.HAL_PWR_EnableSEVOnPend), (16 bytes).
    Removing stm32f4xx_hal_pwr.o(i.HAL_PWR_EnableSleepOnExit), (16 bytes).
    Removing stm32f4xx_hal_pwr.o(i.HAL_PWR_EnableWakeUpPin), (16 bytes).
    Removing stm32f4xx_hal_pwr.o(i.HAL_PWR_EnterSLEEPMode), (32 bytes).
    Removing stm32f4xx_hal_pwr.o(i.HAL_PWR_EnterSTANDBYMode), (32 bytes).
    Removing stm32f4xx_hal_pwr.o(i.HAL_PWR_EnterSTOPMode), (56 bytes).
    Removing stm32f4xx_hal_pwr.o(i.HAL_PWR_PVDCallback), (2 bytes).
    Removing stm32f4xx_hal_pwr.o(i.HAL_PWR_PVD_IRQHandler), (28 bytes).
    Removing stm32f4xx_hal_dma.o(.rev16_text), (4 bytes).
    Removing stm32f4xx_hal_dma.o(.revsh_text), (4 bytes).
    Removing stm32f4xx_hal_dma.o(.rrx_text), (6 bytes).
    Removing stm32f4xx_hal_dma.o(i.DMA_CalcBaseAndBitshift), (40 bytes).
    Removing stm32f4xx_hal_dma.o(i.DMA_CheckFifoParam), (84 bytes).
    Removing stm32f4xx_hal_dma.o(i.DMA_SetConfig), (40 bytes).
    Removing stm32f4xx_hal_dma.o(i.HAL_DMA_Abort), (142 bytes).
    Removing stm32f4xx_hal_dma.o(i.HAL_DMA_Abort_IT), (36 bytes).
    Removing stm32f4xx_hal_dma.o(i.HAL_DMA_DeInit), (86 bytes).
    Removing stm32f4xx_hal_dma.o(i.HAL_DMA_GetError), (4 bytes).
    Removing stm32f4xx_hal_dma.o(i.HAL_DMA_GetState), (6 bytes).
    Removing stm32f4xx_hal_dma.o(i.HAL_DMA_IRQHandler), (424 bytes).
    Removing stm32f4xx_hal_dma.o(i.HAL_DMA_Init), (212 bytes).
    Removing stm32f4xx_hal_dma.o(i.HAL_DMA_PollForTransfer), (300 bytes).
    Removing stm32f4xx_hal_dma.o(i.HAL_DMA_RegisterCallback), (80 bytes).
    Removing stm32f4xx_hal_dma.o(i.HAL_DMA_Start), (70 bytes).
    Removing stm32f4xx_hal_dma.o(i.HAL_DMA_Start_IT), (120 bytes).
    Removing stm32f4xx_hal_dma.o(i.HAL_DMA_UnRegisterCallback), (96 bytes).
    Removing stm32f4xx_hal_dma.o(.constdata), (8 bytes).
    Removing stm32f4xx_hal_rcc.o(.rev16_text), (4 bytes).
    Removing stm32f4xx_hal_rcc.o(.revsh_text), (4 bytes).
    Removing stm32f4xx_hal_rcc.o(.rrx_text), (6 bytes).
    Removing stm32f4xx_hal_rcc.o(i.HAL_RCC_CSSCallback), (2 bytes).
    Removing stm32f4xx_hal_rcc.o(i.HAL_RCC_DeInit), (2 bytes).
    Removing stm32f4xx_hal_rcc.o(i.HAL_RCC_DisableCSS), (12 bytes).
    Removing stm32f4xx_hal_rcc.o(i.HAL_RCC_EnableCSS), (12 bytes).
    Removing stm32f4xx_hal_rcc.o(i.HAL_RCC_GetClockConfig), (64 bytes).
    Removing stm32f4xx_hal_rcc.o(i.HAL_RCC_GetOscConfig), (232 bytes).
    Removing stm32f4xx_hal_rcc.o(i.HAL_RCC_MCOConfig), (140 bytes).
    Removing stm32f4xx_hal_rcc.o(i.HAL_RCC_NMI_IRQHandler), (28 bytes).
    Removing stm32f4xx_hal_rcc_ex.o(.rev16_text), (4 bytes).
    Removing stm32f4xx_hal_rcc_ex.o(.revsh_text), (4 bytes).
    Removing stm32f4xx_hal_rcc_ex.o(.rrx_text), (6 bytes).
    Removing stm32f4xx_hal_rcc_ex.o(i.HAL_RCCEx_GetPeriphCLKConfig), (80 bytes).
    Removing stm32f4xx_hal_rcc_ex.o(i.HAL_RCCEx_GetPeriphCLKFreq), (92 bytes).
    Removing stm32f4xx_hal_rcc_ex.o(i.HAL_RCCEx_PeriphCLKConfig), (340 bytes).
    Removing stm32f4xx_hal_rcc_ex.o(i.HAL_RCC_DeInit), (92 bytes).
    Removing stm32f4xx_hal.o(.rev16_text), (4 bytes).
    Removing stm32f4xx_hal.o(.revsh_text), (4 bytes).
    Removing stm32f4xx_hal.o(.rrx_text), (6 bytes).
    Removing stm32f4xx_hal.o(i.HAL_DBGMCU_DisableDBGSleepMode), (16 bytes).
    Removing stm32f4xx_hal.o(i.HAL_DBGMCU_DisableDBGStandbyMode), (16 bytes).
    Removing stm32f4xx_hal.o(i.HAL_DBGMCU_DisableDBGStopMode), (16 bytes).
    Removing stm32f4xx_hal.o(i.HAL_DBGMCU_EnableDBGSleepMode), (16 bytes).
    Removing stm32f4xx_hal.o(i.HAL_DBGMCU_EnableDBGStandbyMode), (16 bytes).
    Removing stm32f4xx_hal.o(i.HAL_DBGMCU_EnableDBGStopMode), (16 bytes).
    Removing stm32f4xx_hal.o(i.HAL_DeInit), (52 bytes).
    Removing stm32f4xx_hal.o(i.HAL_Delay), (28 bytes).
    Removing stm32f4xx_hal.o(i.HAL_DisableCompensationCell), (28 bytes).
    Removing stm32f4xx_hal.o(i.HAL_EnableCompensationCell), (28 bytes).
    Removing stm32f4xx_hal.o(i.HAL_GetDEVID), (16 bytes).
    Removing stm32f4xx_hal.o(i.HAL_GetHalVersion), (8 bytes).
    Removing stm32f4xx_hal.o(i.HAL_GetREVID), (12 bytes).
    Removing stm32f4xx_hal.o(i.HAL_GetUID), (28 bytes).
    Removing stm32f4xx_hal.o(i.HAL_MspDeInit), (2 bytes).
    Removing stm32f4xx_hal.o(i.HAL_MspInit), (2 bytes).
    Removing stm32f4xx_hal.o(i.HAL_ResumeTick), (14 bytes).
    Removing stm32f4xx_hal.o(i.HAL_SuspendTick), (14 bytes).
    Removing stm32f4xx_hal_flash_ramfunc.o(.rev16_text), (4 bytes).
    Removing stm32f4xx_hal_flash_ramfunc.o(.revsh_text), (4 bytes).
    Removing stm32f4xx_hal_flash_ramfunc.o(.rrx_text), (6 bytes).
    Removing stm32f4xx_hal_tim_ex.o(.rev16_text), (4 bytes).
    Removing stm32f4xx_hal_tim_ex.o(.revsh_text), (4 bytes).
    Removing stm32f4xx_hal_tim_ex.o(.rrx_text), (6 bytes).
    Removing stm32f4xx_hal_uart.o(.rev16_text), (4 bytes).
    Removing stm32f4xx_hal_uart.o(.revsh_text), (4 bytes).
    Removing stm32f4xx_hal_uart.o(.rrx_text), (6 bytes).
    Removing stm32f4xx_hal_uart.o(i.HAL_HalfDuplex_EnableReceiver), (50 bytes).
    Removing stm32f4xx_hal_uart.o(i.HAL_HalfDuplex_EnableTransmitter), (50 bytes).
    Removing stm32f4xx_hal_uart.o(i.HAL_HalfDuplex_Init), (108 bytes).
    Removing stm32f4xx_hal_uart.o(i.HAL_LIN_Init), (128 bytes).
    Removing stm32f4xx_hal_uart.o(i.HAL_LIN_SendBreak), (46 bytes).
    Removing stm32f4xx_hal_uart.o(i.HAL_MultiProcessor_EnterMuteMode), (46 bytes).
    Removing stm32f4xx_hal_uart.o(i.HAL_MultiProcessor_ExitMuteMode), (46 bytes).
    Removing stm32f4xx_hal_uart.o(i.HAL_MultiProcessor_Init), (142 bytes).
    Removing stm32f4xx_hal_uart.o(i.HAL_UART_Abort), (104 bytes).
    Removing stm32f4xx_hal_uart.o(i.HAL_UART_AbortCpltCallback), (2 bytes).
    Removing stm32f4xx_hal_uart.o(i.HAL_UART_AbortReceive), (68 bytes).
    Removing stm32f4xx_hal_uart.o(i.HAL_UART_AbortReceiveCpltCallback), (2 bytes).
    Removing stm32f4xx_hal_uart.o(i.HAL_UART_AbortReceive_IT), (92 bytes).
    Removing stm32f4xx_hal_uart.o(i.HAL_UART_AbortTransmit), (58 bytes).
    Removing stm32f4xx_hal_uart.o(i.HAL_UART_AbortTransmitCpltCallback), (2 bytes).
    Removing stm32f4xx_hal_uart.o(i.HAL_UART_AbortTransmit_IT), (84 bytes).
    Removing stm32f4xx_hal_uart.o(i.HAL_UART_Abort_IT), (172 bytes).
    Removing stm32f4xx_hal_uart.o(i.HAL_UART_DMAPause), (102 bytes).
    Removing stm32f4xx_hal_uart.o(i.HAL_UART_DMAResume), (94 bytes).
    Removing stm32f4xx_hal_uart.o(i.HAL_UART_DMAStop), (88 bytes).
    Removing stm32f4xx_hal_uart.o(i.HAL_UART_DeInit), (40 bytes).
    Removing stm32f4xx_hal_uart.o(i.HAL_UART_ErrorCallback), (2 bytes).
    Removing stm32f4xx_hal_uart.o(i.HAL_UART_GetError), (4 bytes).
    Removing stm32f4xx_hal_uart.o(i.HAL_UART_GetState), (10 bytes).
    Removing stm32f4xx_hal_uart.o(i.HAL_UART_IRQHandler), (272 bytes).
    Removing stm32f4xx_hal_uart.o(i.HAL_UART_MspDeInit), (2 bytes).
    Removing stm32f4xx_hal_uart.o(i.HAL_UART_MspInit), (2 bytes).
    Removing stm32f4xx_hal_uart.o(i.HAL_UART_Receive_DMA), (152 bytes).
    Removing stm32f4xx_hal_uart.o(i.HAL_UART_Receive_IT), (72 bytes).
    Removing stm32f4xx_hal_uart.o(i.HAL_UART_RxCpltCallback), (2 bytes).
    Removing stm32f4xx_hal_uart.o(i.HAL_UART_RxHalfCpltCallback), (2 bytes).
    Removing stm32f4xx_hal_uart.o(i.HAL_UART_Transmit_DMA), (128 bytes).
    Removing stm32f4xx_hal_uart.o(i.HAL_UART_Transmit_IT), (62 bytes).
    Removing stm32f4xx_hal_uart.o(i.HAL_UART_TxCpltCallback), (2 bytes).
    Removing stm32f4xx_hal_uart.o(i.HAL_UART_TxHalfCpltCallback), (2 bytes).
    Removing stm32f4xx_hal_uart.o(i.UART_DMAAbortOnError), (16 bytes).
    Removing stm32f4xx_hal_uart.o(i.UART_DMAError), (74 bytes).
    Removing stm32f4xx_hal_uart.o(i.UART_DMAReceiveCplt), (60 bytes).
    Removing stm32f4xx_hal_uart.o(i.UART_DMARxAbortCallback), (42 bytes).
    Removing stm32f4xx_hal_uart.o(i.UART_DMARxHalfCplt), (10 bytes).
    Removing stm32f4xx_hal_uart.o(i.UART_DMARxOnlyAbortCallback), (20 bytes).
    Removing stm32f4xx_hal_uart.o(i.UART_DMATransmitCplt), (46 bytes).
    Removing stm32f4xx_hal_uart.o(i.UART_DMATxAbortCallback), (42 bytes).
    Removing stm32f4xx_hal_uart.o(i.UART_DMATxHalfCplt), (10 bytes).
    Removing stm32f4xx_hal_uart.o(i.UART_DMATxOnlyAbortCallback), (20 bytes).
    Removing stm32f4xx_hal_uart.o(i.UART_EndRxTransfer), (28 bytes).
    Removing stm32f4xx_hal_uart.o(i.UART_EndTxTransfer), (18 bytes).
    Removing stm32f4xx_hal_uart.o(i.UART_Receive_IT), (140 bytes).
    Removing stm32f4xx_hal_uart.o(i.UART_Transmit_IT), (98 bytes).
    Removing stm32f4xx_hal_tim.o(.rev16_text), (4 bytes).
    Removing stm32f4xx_hal_tim.o(.revsh_text), (4 bytes).
    Removing stm32f4xx_hal_tim.o(.rrx_text), (6 bytes).
    Removing startup_stm32f407xx.o(HEAP), (512 bytes).
    Removing stm32f4xx_it.o(.rev16_text), (4 bytes).
    Removing stm32f4xx_it.o(.revsh_text), (4 bytes).
    Removing stm32f4xx_it.o(.rrx_text), (6 bytes).
    Removing stm32f4xx_hal_msp.o(.rev16_text), (4 bytes).
    Removing stm32f4xx_hal_msp.o(.revsh_text), (4 bytes).
    Removing stm32f4xx_hal_msp.o(.rrx_text), (6 bytes).
    Removing stm32f4xx_hal_msp.o(i.HAL_CRC_MspDeInit), (28 bytes).
    Removing stm32f4xx_hal_msp.o(i.HAL_UART_MspDeInit), (72 bytes).
    Removing main.o(.rev16_text), (4 bytes).
    Removing main.o(.revsh_text), (4 bytes).
    Removing main.o(.rrx_text), (6 bytes).
    Removing main.o(i._Error_Handler), (2 bytes).
    Removing main.o(i.bootloader_handle_mem_read), (2 bytes).
    Removing main.o(i.bootloader_handle_read_otp), (2 bytes).
    Removing main.o(i.flash_testing), (72 bytes).
    Removing main.o(i.get_bootloader_version), (4 bytes).
    Removing main.o(.data), (26 bytes).

222 unused section(s) (total 12144 bytes) removed from the image.

==============================================================================

Image Symbol Table

    Local Symbols

    Symbol Name                              Value     Ov Type        Size  Object(Section)

    ../Drivers/STM32F4xx_HAL_Driver/Src/stm32f4xx_hal.c 0x00000000   Number         0  stm32f4xx_hal.o ABSOLUTE
    ../Drivers/STM32F4xx_HAL_Driver/Src/stm32f4xx_hal_cortex.c 0x00000000   Number         0  stm32f4xx_hal_cortex.o ABSOLUTE
    ../Drivers/STM32F4xx_HAL_Driver/Src/stm32f4xx_hal_crc.c 0x00000000   Number         0  stm32f4xx_hal_crc.o ABSOLUTE
    ../Drivers/STM32F4xx_HAL_Driver/Src/stm32f4xx_hal_dma.c 0x00000000   Number         0  stm32f4xx_hal_dma.o ABSOLUTE
    ../Drivers/STM32F4xx_HAL_Driver/Src/stm32f4xx_hal_dma_ex.c 0x00000000   Number         0  stm32f4xx_hal_dma_ex.o ABSOLUTE
    ../Drivers/STM32F4xx_HAL_Driver/Src/stm32f4xx_hal_flash.c 0x00000000   Number         0  stm32f4xx_hal_flash.o ABSOLUTE
    ../Drivers/STM32F4xx_HAL_Driver/Src/stm32f4xx_hal_flash_ex.c 0x00000000   Number         0  stm32f4xx_hal_flash_ex.o ABSOLUTE
    ../Drivers/STM32F4xx_HAL_Driver/Src/stm32f4xx_hal_flash_ramfunc.c 0x00000000   Number         0  stm32f4xx_hal_flash_ramfunc.o ABSOLUTE
    ../Drivers/STM32F4xx_HAL_Driver/Src/stm32f4xx_hal_gpio.c 0x00000000   Number         0  stm32f4xx_hal_gpio.o ABSOLUTE
    ../Drivers/STM32F4xx_HAL_Driver/Src/stm32f4xx_hal_pwr.c 0x00000000   Number         0  stm32f4xx_hal_pwr.o ABSOLUTE
    ../Drivers/STM32F4xx_HAL_Driver/Src/stm32f4xx_hal_pwr_ex.c 0x00000000   Number         0  stm32f4xx_hal_pwr_ex.o ABSOLUTE
    ../Drivers/STM32F4xx_HAL_Driver/Src/stm32f4xx_hal_rcc.c 0x00000000   Number         0  stm32f4xx_hal_rcc.o ABSOLUTE
    ../Drivers/STM32F4xx_HAL_Driver/Src/stm32f4xx_hal_rcc_ex.c 0x00000000   Number         0  stm32f4xx_hal_rcc_ex.o ABSOLUTE
    ../Drivers/STM32F4xx_HAL_Driver/Src/stm32f4xx_hal_tim.c 0x00000000   Number         0  stm32f4xx_hal_tim.o ABSOLUTE
    ../Drivers/STM32F4xx_HAL_Driver/Src/stm32f4xx_hal_tim_ex.c 0x00000000   Number         0  stm32f4xx_hal_tim_ex.o ABSOLUTE
    ../Drivers/STM32F4xx_HAL_Driver/Src/stm32f4xx_hal_uart.c 0x00000000   Number         0  stm32f4xx_hal_uart.o ABSOLUTE
    ../Src/main.c                            0x00000000   Number         0  main.o ABSOLUTE
    ../Src/stm32f4xx_hal_msp.c               0x00000000   Number         0  stm32f4xx_hal_msp.o ABSOLUTE
    ../Src/stm32f4xx_it.c                    0x00000000   Number         0  stm32f4xx_it.o ABSOLUTE
    ../Src/system_stm32f4xx.c                0x00000000   Number         0  system_stm32f4xx.o ABSOLUTE
    ../clib/microlib/division.c              0x00000000   Number         0  uldiv.o ABSOLUTE
    ../clib/microlib/division.c              0x00000000   Number         0  uidiv.o ABSOLUTE
    ../clib/microlib/init/entry.s            0x00000000   Number         0  entry10b.o ABSOLUTE
    ../clib/microlib/init/entry.s            0x00000000   Number         0  entry7a.o ABSOLUTE
    ../clib/microlib/init/entry.s            0x00000000   Number         0  entry7b.o ABSOLUTE
    ../clib/microlib/init/entry.s            0x00000000   Number         0  entry11a.o ABSOLUTE
    ../clib/microlib/init/entry.s            0x00000000   Number         0  entry5.o ABSOLUTE
    ../clib/microlib/init/entry.s            0x00000000   Number         0  entry11b.o ABSOLUTE
    ../clib/microlib/init/entry.s            0x00000000   Number         0  entry2.o ABSOLUTE
    ../clib/microlib/init/entry.s            0x00000000   Number         0  entry10a.o ABSOLUTE
    ../clib/microlib/init/entry.s            0x00000000   Number         0  entry8b.o ABSOLUTE
    ../clib/microlib/init/entry.s            0x00000000   Number         0  entry.o ABSOLUTE
    ../clib/microlib/init/entry.s            0x00000000   Number         0  entry9b.o ABSOLUTE
    ../clib/microlib/init/entry.s            0x00000000   Number         0  entry9a.o ABSOLUTE
    ../clib/microlib/init/entry.s            0x00000000   Number         0  entry8a.o ABSOLUTE
    ../clib/microlib/longlong.c              0x00000000   Number         0  llshl.o ABSOLUTE
    ../clib/microlib/longlong.c              0x00000000   Number         0  llushr.o ABSOLUTE
    ../clib/microlib/longlong.c              0x00000000   Number         0  llsshr.o ABSOLUTE
    ../clib/microlib/printf/printf.c         0x00000000   Number         0  printfa.o ABSOLUTE
    ../clib/microlib/stdio/fputc.c           0x00000000   Number         0  fputc.o ABSOLUTE
    ../clib/microlib/stdio/semi.s            0x00000000   Number         0  semi.o ABSOLUTE
    ../clib/microlib/stdio/streams.c         0x00000000   Number         0  stdout.o ABSOLUTE
    ../clib/microlib/string/memset.c         0x00000000   Number         0  memseta.o ABSOLUTE
    ../clib/microlib/string/strlen.c         0x00000000   Number         0  strlen.o ABSOLUTE
    ../clib/microlib/stubs.s                 0x00000000   Number         0  iusefp.o ABSOLUTE
    ../clib/microlib/stubs.s                 0x00000000   Number         0  iusesemip.o ABSOLUTE
    ../fplib/microlib/fpadd.c                0x00000000   Number         0  dadd.o ABSOLUTE
    ../fplib/microlib/fpdiv.c                0x00000000   Number         0  ddiv.o ABSOLUTE
    ../fplib/microlib/fpepilogue.c           0x00000000   Number         0  depilogue.o ABSOLUTE
    ../fplib/microlib/fpfix.c                0x00000000   Number         0  dfixul.o ABSOLUTE
    ../fplib/microlib/fpmul.c                0x00000000   Number         0  dmul.o ABSOLUTE
    ..\Drivers\STM32F4xx_HAL_Driver\Src\stm32f4xx_hal.c 0x00000000   Number         0  stm32f4xx_hal.o ABSOLUTE
    ..\Drivers\STM32F4xx_HAL_Driver\Src\stm32f4xx_hal_cortex.c 0x00000000   Number         0  stm32f4xx_hal_cortex.o ABSOLUTE
    ..\Drivers\STM32F4xx_HAL_Driver\Src\stm32f4xx_hal_crc.c 0x00000000   Number         0  stm32f4xx_hal_crc.o ABSOLUTE
    ..\Drivers\STM32F4xx_HAL_Driver\Src\stm32f4xx_hal_dma.c 0x00000000   Number         0  stm32f4xx_hal_dma.o ABSOLUTE
    ..\Drivers\STM32F4xx_HAL_Driver\Src\stm32f4xx_hal_dma_ex.c 0x00000000   Number         0  stm32f4xx_hal_dma_ex.o ABSOLUTE
    ..\Drivers\STM32F4xx_HAL_Driver\Src\stm32f4xx_hal_flash.c 0x00000000   Number         0  stm32f4xx_hal_flash.o ABSOLUTE
    ..\Drivers\STM32F4xx_HAL_Driver\Src\stm32f4xx_hal_flash_ex.c 0x00000000   Number         0  stm32f4xx_hal_flash_ex.o ABSOLUTE
    ..\Drivers\STM32F4xx_HAL_Driver\Src\stm32f4xx_hal_flash_ramfunc.c 0x00000000   Number         0  stm32f4xx_hal_flash_ramfunc.o ABSOLUTE
    ..\Drivers\STM32F4xx_HAL_Driver\Src\stm32f4xx_hal_gpio.c 0x00000000   Number         0  stm32f4xx_hal_gpio.o ABSOLUTE
    ..\Drivers\STM32F4xx_HAL_Driver\Src\stm32f4xx_hal_pwr.c 0x00000000   Number         0  stm32f4xx_hal_pwr.o ABSOLUTE
    ..\Drivers\STM32F4xx_HAL_Driver\Src\stm32f4xx_hal_pwr_ex.c 0x00000000   Number         0  stm32f4xx_hal_pwr_ex.o ABSOLUTE
    ..\Drivers\STM32F4xx_HAL_Driver\Src\stm32f4xx_hal_rcc.c 0x00000000   Number         0  stm32f4xx_hal_rcc.o ABSOLUTE
    ..\Drivers\STM32F4xx_HAL_Driver\Src\stm32f4xx_hal_rcc_ex.c 0x00000000   Number         0  stm32f4xx_hal_rcc_ex.o ABSOLUTE
    ..\Drivers\STM32F4xx_HAL_Driver\Src\stm32f4xx_hal_tim.c 0x00000000   Number         0  stm32f4xx_hal_tim.o ABSOLUTE
    ..\Drivers\STM32F4xx_HAL_Driver\Src\stm32f4xx_hal_tim_ex.c 0x00000000   Number         0  stm32f4xx_hal_tim_ex.o ABSOLUTE
    ..\Drivers\STM32F4xx_HAL_Driver\Src\stm32f4xx_hal_uart.c 0x00000000   Number         0  stm32f4xx_hal_uart.o ABSOLUTE
    ..\Src\main.c                            0x00000000   Number         0  main.o ABSOLUTE
    ..\Src\stm32f4xx_hal_msp.c               0x00000000   Number         0  stm32f4xx_hal_msp.o ABSOLUTE
    ..\Src\stm32f4xx_it.c                    0x00000000   Number         0  stm32f4xx_it.o ABSOLUTE
    ..\Src\system_stm32f4xx.c                0x00000000   Number         0  system_stm32f4xx.o ABSOLUTE
    cdrcmple.s                               0x00000000   Number         0  cdrcmple.o ABSOLUTE
    dc.s                                     0x00000000   Number         0  dc.o ABSOLUTE
    handlers.s                               0x00000000   Number         0  handlers.o ABSOLUTE
    init.s                                   0x00000000   Number         0  init.o ABSOLUTE
    startup_stm32f407xx.s                    0x00000000   Number         0  startup_stm32f407xx.o ABSOLUTE
    RESET                                    0x08000000   Section      392  startup_stm32f407xx.o(RESET)
    .ARM.Collect$$$$00000000                 0x08000188   Section        0  entry.o(.ARM.Collect$$$$00000000)
    .ARM.Collect$$$$00000001                 0x08000188   Section        4  entry2.o(.ARM.Collect$$$$00000001)
    .ARM.Collect$$$$00000004                 0x0800018c   Section        4  entry5.o(.ARM.Collect$$$$00000004)
    .ARM.Collect$$$$00000008                 0x08000190   Section        0  entry7b.o(.ARM.Collect$$$$00000008)
    .ARM.Collect$$$$0000000A                 0x08000190   Section        0  entry8b.o(.ARM.Collect$$$$0000000A)
    .ARM.Collect$$$$0000000B                 0x08000190   Section        8  entry9a.o(.ARM.Collect$$$$0000000B)
    .ARM.Collect$$$$0000000D                 0x08000198   Section        0  entry10a.o(.ARM.Collect$$$$0000000D)
    .ARM.Collect$$$$0000000F                 0x08000198   Section        0  entry11a.o(.ARM.Collect$$$$0000000F)
    .ARM.Collect$$$$00002712                 0x08000198   Section        4  entry2.o(.ARM.Collect$$$$00002712)
    __lit__00000000                          0x08000198   Data           4  entry2.o(.ARM.Collect$$$$00002712)
    .text                                    0x0800019c   Section       36  startup_stm32f407xx.o(.text)
    $v0                                      0x0800019c   Number         0  startup_stm32f407xx.o(.text)
    .text                                    0x080001c0   Section        0  memseta.o(.text)
    .text                                    0x080001e4   Section        0  strlen.o(.text)
    .text                                    0x080001f2   Section        0  uidiv.o(.text)
    .text                                    0x0800021e   Section        0  uldiv.o(.text)
    .text                                    0x08000280   Section        0  dadd.o(.text)
    .text                                    0x08000280   Section        0  iusefp.o(.text)
    .text                                    0x080003ce   Section        0  dmul.o(.text)
    .text                                    0x080004b2   Section        0  ddiv.o(.text)
    .text                                    0x08000590   Section        0  dfixul.o(.text)
    .text                                    0x080005c0   Section       48  cdrcmple.o(.text)
    .text                                    0x080005f0   Section       36  init.o(.text)
    .text                                    0x08000614   Section        0  llshl.o(.text)
    .text                                    0x08000632   Section        0  llushr.o(.text)
    .text                                    0x08000652   Section        0  llsshr.o(.text)
    .text                                    0x08000676   Section        0  depilogue.o(.text)
    i.BusFault_Handler                       0x08000730   Section        0  stm32f4xx_it.o(i.BusFault_Handler)
    i.DebugMon_Handler                       0x08000732   Section        0  stm32f4xx_it.o(i.DebugMon_Handler)
    i.FLASH_Erase_Sector                     0x08000734   Section        0  stm32f4xx_hal_flash_ex.o(i.FLASH_Erase_Sector)
    i.FLASH_FlushCaches                      0x0800078c   Section        0  stm32f4xx_hal_flash_ex.o(i.FLASH_FlushCaches)
    i.FLASH_MassErase                        0x080007e0   Section        0  stm32f4xx_hal_flash_ex.o(i.FLASH_MassErase)
    FLASH_MassErase                          0x080007e1   Thumb Code    34  stm32f4xx_hal_flash_ex.o(i.FLASH_MassErase)
    i.FLASH_Program_Byte                     0x08000808   Section        0  stm32f4xx_hal_flash.o(i.FLASH_Program_Byte)
    FLASH_Program_Byte                       0x08000809   Thumb Code    26  stm32f4xx_hal_flash.o(i.FLASH_Program_Byte)
    i.FLASH_Program_DoubleWord               0x08000828   Section        0  stm32f4xx_hal_flash.o(i.FLASH_Program_DoubleWord)
    FLASH_Program_DoubleWord                 0x08000829   Thumb Code    34  stm32f4xx_hal_flash.o(i.FLASH_Program_DoubleWord)
    i.FLASH_Program_HalfWord                 0x08000850   Section        0  stm32f4xx_hal_flash.o(i.FLASH_Program_HalfWord)
    FLASH_Program_HalfWord                   0x08000851   Thumb Code    30  stm32f4xx_hal_flash.o(i.FLASH_Program_HalfWord)
    i.FLASH_Program_Word                     0x08000874   Section        0  stm32f4xx_hal_flash.o(i.FLASH_Program_Word)
    FLASH_Program_Word                       0x08000875   Thumb Code    30  stm32f4xx_hal_flash.o(i.FLASH_Program_Word)
    i.FLASH_SetErrorCode                     0x08000898   Section        0  stm32f4xx_hal_flash.o(i.FLASH_SetErrorCode)
    FLASH_SetErrorCode                       0x08000899   Thumb Code    96  stm32f4xx_hal_flash.o(i.FLASH_SetErrorCode)
    i.FLASH_WaitForLastOperation             0x08000900   Section        0  stm32f4xx_hal_flash.o(i.FLASH_WaitForLastOperation)
    i.HAL_CRC_Accumulate                     0x08000950   Section        0  stm32f4xx_hal_crc.o(i.HAL_CRC_Accumulate)
    i.HAL_CRC_Init                           0x08000982   Section        0  stm32f4xx_hal_crc.o(i.HAL_CRC_Init)
    i.HAL_CRC_MspInit                        0x080009a8   Section        0  stm32f4xx_hal_msp.o(i.HAL_CRC_MspInit)
    i.HAL_FLASHEx_Erase                      0x080009d0   Section        0  stm32f4xx_hal_flash_ex.o(i.HAL_FLASHEx_Erase)
    i.HAL_FLASHEx_OBGetConfig                0x08000a68   Section        0  stm32f4xx_hal_flash_ex.o(i.HAL_FLASHEx_OBGetConfig)
    i.HAL_FLASH_Lock                         0x08000aa8   Section        0  stm32f4xx_hal_flash.o(i.HAL_FLASH_Lock)
    i.HAL_FLASH_OB_Lock                      0x08000abc   Section        0  stm32f4xx_hal_flash.o(i.HAL_FLASH_OB_Lock)
    i.HAL_FLASH_OB_Unlock                    0x08000ad0   Section        0  stm32f4xx_hal_flash.o(i.HAL_FLASH_OB_Unlock)
    i.HAL_FLASH_Program                      0x08000af8   Section        0  stm32f4xx_hal_flash.o(i.HAL_FLASH_Program)
    i.HAL_FLASH_Unlock                       0x08000b74   Section        0  stm32f4xx_hal_flash.o(i.HAL_FLASH_Unlock)
    i.HAL_GPIO_Init                          0x08000b9c   Section        0  stm32f4xx_hal_gpio.o(i.HAL_GPIO_Init)
    i.HAL_GPIO_ReadPin                       0x08000d4c   Section        0  stm32f4xx_hal_gpio.o(i.HAL_GPIO_ReadPin)
    i.HAL_GPIO_WritePin                      0x08000d56   Section        0  stm32f4xx_hal_gpio.o(i.HAL_GPIO_WritePin)
    i.HAL_GetTick                            0x08000d60   Section        0  stm32f4xx_hal.o(i.HAL_GetTick)
    i.HAL_IncTick                            0x08000d6c   Section        0  stm32f4xx_hal.o(i.HAL_IncTick)
    i.HAL_Init                               0x08000d7c   Section        0  stm32f4xx_hal.o(i.HAL_Init)
    i.HAL_InitTick                           0x08000db0   Section        0  stm32f4xx_hal.o(i.HAL_InitTick)
    i.HAL_MspInit                            0x08000dd8   Section        0  stm32f4xx_hal_msp.o(i.HAL_MspInit)
    i.HAL_NVIC_SetPriority                   0x08000e30   Section        0  stm32f4xx_hal_cortex.o(i.HAL_NVIC_SetPriority)
    i.HAL_NVIC_SetPriorityGrouping           0x08000e70   Section        0  stm32f4xx_hal_cortex.o(i.HAL_NVIC_SetPriorityGrouping)
    i.HAL_RCC_ClockConfig                    0x08000e94   Section        0  stm32f4xx_hal_rcc.o(i.HAL_RCC_ClockConfig)
    i.HAL_RCC_GetHCLKFreq                    0x08001010   Section        0  stm32f4xx_hal_rcc.o(i.HAL_RCC_GetHCLKFreq)
    i.HAL_RCC_GetPCLK1Freq                   0x0800101c   Section        0  stm32f4xx_hal_rcc.o(i.HAL_RCC_GetPCLK1Freq)
    i.HAL_RCC_GetPCLK2Freq                   0x0800104c   Section        0  stm32f4xx_hal_rcc.o(i.HAL_RCC_GetPCLK2Freq)
    i.HAL_RCC_GetSysClockFreq                0x0800107c   Section        0  stm32f4xx_hal_rcc.o(i.HAL_RCC_GetSysClockFreq)
    i.HAL_RCC_OscConfig                      0x080010f0   Section        0  stm32f4xx_hal_rcc.o(i.HAL_RCC_OscConfig)
    i.HAL_SYSTICK_CLKSourceConfig            0x08001404   Section        0  stm32f4xx_hal_cortex.o(i.HAL_SYSTICK_CLKSourceConfig)
    i.HAL_SYSTICK_Callback                   0x0800141c   Section        0  stm32f4xx_hal_cortex.o(i.HAL_SYSTICK_Callback)
    i.HAL_SYSTICK_Config                     0x0800141e   Section        0  stm32f4xx_hal_cortex.o(i.HAL_SYSTICK_Config)
    i.HAL_SYSTICK_IRQHandler                 0x08001446   Section        0  stm32f4xx_hal_cortex.o(i.HAL_SYSTICK_IRQHandler)
    i.HAL_UART_Init                          0x0800144e   Section        0  stm32f4xx_hal_uart.o(i.HAL_UART_Init)
    i.HAL_UART_MspInit                       0x080014b0   Section        0  stm32f4xx_hal_msp.o(i.HAL_UART_MspInit)
    i.HAL_UART_Receive                       0x08001520   Section        0  stm32f4xx_hal_uart.o(i.HAL_UART_Receive)
    i.HAL_UART_Transmit                      0x080015d8   Section        0  stm32f4xx_hal_uart.o(i.HAL_UART_Transmit)
    i.HardFault_Handler                      0x08001692   Section        0  stm32f4xx_it.o(i.HardFault_Handler)
    i.MX_GPIO_Init                           0x08001694   Section        0  main.o(i.MX_GPIO_Init)
    MX_GPIO_Init                             0x08001695   Thumb Code   140  main.o(i.MX_GPIO_Init)
    i.MemManage_Handler                      0x0800172c   Section        0  stm32f4xx_it.o(i.MemManage_Handler)
    i.NMI_Handler                            0x0800172e   Section        0  stm32f4xx_it.o(i.NMI_Handler)
    i.NVIC_SetPriority                       0x08001730   Section        0  stm32f4xx_hal_cortex.o(i.NVIC_SetPriority)
    NVIC_SetPriority                         0x08001731   Thumb Code    32  stm32f4xx_hal_cortex.o(i.NVIC_SetPriority)
    i.PendSV_Handler                         0x08001750   Section        0  stm32f4xx_it.o(i.PendSV_Handler)
    i.SVC_Handler                            0x08001752   Section        0  stm32f4xx_it.o(i.SVC_Handler)
    i.SysTick_Handler                        0x08001754   Section        0  stm32f4xx_it.o(i.SysTick_Handler)
    i.SystemClock_Config                     0x08001764   Section        0  main.o(i.SystemClock_Config)
    i.SystemInit                             0x08001800   Section        0  system_stm32f4xx.o(i.SystemInit)
    i.UART_SetConfig                         0x08001854   Section        0  stm32f4xx_hal_uart.o(i.UART_SetConfig)
    UART_SetConfig                           0x08001855   Thumb Code   676  stm32f4xx_hal_uart.o(i.UART_SetConfig)
    i.UART_WaitOnFlagUntilTimeout            0x08001b00   Section        0  stm32f4xx_hal_uart.o(i.UART_WaitOnFlagUntilTimeout)
    UART_WaitOnFlagUntilTimeout              0x08001b01   Thumb Code   100  stm32f4xx_hal_uart.o(i.UART_WaitOnFlagUntilTimeout)
    i.UsageFault_Handler                     0x08001b64   Section        0  stm32f4xx_it.o(i.UsageFault_Handler)
    i.__0vsprintf                            0x08001b68   Section        0  printfa.o(i.__0vsprintf)
    i.__scatterload_copy                     0x08001b8c   Section       14  handlers.o(i.__scatterload_copy)
    i.__scatterload_null                     0x08001b9a   Section        2  handlers.o(i.__scatterload_null)
    i.__scatterload_zeroinit                 0x08001b9c   Section       14  handlers.o(i.__scatterload_zeroinit)
    i._fp_digits                             0x08001bac   Section        0  printfa.o(i._fp_digits)
    _fp_digits                               0x08001bad   Thumb Code   366  printfa.o(i._fp_digits)
    i._printf_core                           0x08001d30   Section        0  printfa.o(i._printf_core)
    _printf_core                             0x08001d31   Thumb Code  1744  printfa.o(i._printf_core)
    i._printf_post_padding                   0x0800240c   Section        0  printfa.o(i._printf_post_padding)
    _printf_post_padding                     0x0800240d   Thumb Code    36  printfa.o(i._printf_post_padding)
    i._printf_pre_padding                    0x08002430   Section        0  printfa.o(i._printf_pre_padding)
    _printf_pre_padding                      0x08002431   Thumb Code    46  printfa.o(i._printf_pre_padding)
    i._sputc                                 0x0800245e   Section        0  printfa.o(i._sputc)
    _sputc                                   0x0800245f   Thumb Code    10  printfa.o(i._sputc)
    i.bootloader_handle_dis_rw_protect       0x08002468   Section        0  main.o(i.bootloader_handle_dis_rw_protect)
    i.bootloader_handle_en_rw_protect        0x08002568   Section        0  main.o(i.bootloader_handle_en_rw_protect)
    i.bootloader_handle_flash_erase_cmd      0x0800266c   Section        0  main.o(i.bootloader_handle_flash_erase_cmd)
    i.bootloader_handle_getcid_cmd           0x080027d0   Section        0  main.o(i.bootloader_handle_getcid_cmd)
    i.bootloader_handle_gethelp_cmd          0x080028c4   Section        0  main.o(i.bootloader_handle_gethelp_cmd)
    i.bootloader_handle_getrdp_cmd           0x08002988   Section        0  main.o(i.bootloader_handle_getrdp_cmd)
    i.bootloader_handle_getver_cmd           0x08002a7c   Section        0  main.o(i.bootloader_handle_getver_cmd)
    i.bootloader_handle_go_cmd               0x08002b5c   Section        0  main.o(i.bootloader_handle_go_cmd)
    i.bootloader_handle_mem_write_cmd        0x08002cb4   Section        0  main.o(i.bootloader_handle_mem_write_cmd)
    i.bootloader_handle_read_sector_protection_status 0x08002e4c   Section        0  main.o(i.bootloader_handle_read_sector_protection_status)
    i.bootloader_jump_to_user_app            0x08002f48   Section        0  main.o(i.bootloader_jump_to_user_app)
    i.bootloader_send_ack                    0x08002ff4   Section        0  main.o(i.bootloader_send_ack)
    i.bootloader_send_nack                   0x08003014   Section        0  main.o(i.bootloader_send_nack)
    i.bootloader_uart_read_data              0x08003030   Section        0  main.o(i.bootloader_uart_read_data)
    i.bootloader_uart_write_data             0x08003108   Section        0  main.o(i.bootloader_uart_write_data)
    i.bootloader_verify_crc                  0x0800311c   Section        0  main.o(i.bootloader_verify_crc)
    i.configure_flash_sector_rw_protection   0x0800315c   Section        0  main.o(i.configure_flash_sector_rw_protection)
    i.execute_flash_erase                    0x08003204   Section        0  main.o(i.execute_flash_erase)
    i.execute_mem_write                      0x08003250   Section        0  main.o(i.execute_mem_write)
    i.get_flash_rdp_level                    0x08003284   Section        0  main.o(i.get_flash_rdp_level)
    i.get_mcu_chip_id                        0x08003294   Section        0  main.o(i.get_mcu_chip_id)
    i.main                                   0x080032a4   Section        0  main.o(i.main)
    i.printmsg                               0x080033ac   Section        0  main.o(i.printmsg)
    printmsg                                 0x080033ad   Thumb Code    42  main.o(i.printmsg)
    i.read_OB_rw_protection_status           0x080033dc   Section        0  main.o(i.read_OB_rw_protection_status)
    i.verify_address                         0x080033f8   Section        0  main.o(i.verify_address)
    .constdata                               0x08003430   Section       16  system_stm32f4xx.o(.constdata)
    .constdata                               0x08003440   Section        8  system_stm32f4xx.o(.constdata)
    .data                                    0x20000000   Section        4  system_stm32f4xx.o(.data)
    .data                                    0x20000004   Section        4  stm32f4xx_hal.o(.data)
    .data                                    0x20000008   Section       16  main.o(.data)
    .bss                                     0x20000018   Section       32  stm32f4xx_hal_flash.o(.bss)
    .bss                                     0x20000038   Section      328  main.o(.bss)
    STACK                                    0x20000180   Section     1024  startup_stm32f407xx.o(STACK)

    Global Symbols

    Symbol Name                              Value     Ov Type        Size  Object(Section)

    BuildAttributes$$THM_ISAv4$E$P$D$K$B$S$7EM$VFPi3$EXTD16$VFPS$VFMA$PE$A:L22UL41UL21$X:L11$S22US41US21$IEEE1$IW$USESV6$~STKCKD$USESV7$~SHL$OSPACE$ROPI$EBA8$MICROLIB$REQ8$PRES8$EABIv2 0x00000000   Number         0  anon$$obj.o ABSOLUTE
    __ARM_use_no_argv                        0x00000000   Number         0  main.o ABSOLUTE
    __cpp_initialize__aeabi_                  - Undefined Weak Reference
    __cxa_finalize                            - Undefined Weak Reference
    __decompress                              - Undefined Weak Reference
    _clock_init                               - Undefined Weak Reference
    _microlib_exit                            - Undefined Weak Reference
    __Vectors_Size                           0x00000188   Number         0  startup_stm32f407xx.o ABSOLUTE
    __Vectors                                0x08000000   Data           4  startup_stm32f407xx.o(RESET)
    __Vectors_End                            0x08000188   Data           0  startup_stm32f407xx.o(RESET)
    __main                                   0x08000189   Thumb Code     0  entry.o(.ARM.Collect$$$$00000000)
    _main_stk                                0x08000189   Thumb Code     0  entry2.o(.ARM.Collect$$$$00000001)
    _main_scatterload                        0x0800018d   Thumb Code     0  entry5.o(.ARM.Collect$$$$00000004)
    __main_after_scatterload                 0x08000191   Thumb Code     0  entry5.o(.ARM.Collect$$$$00000004)
    _main_clock                              0x08000191   Thumb Code     0  entry7b.o(.ARM.Collect$$$$00000008)
    _main_cpp_init                           0x08000191   Thumb Code     0  entry8b.o(.ARM.Collect$$$$0000000A)
    _main_init                               0x08000191   Thumb Code     0  entry9a.o(.ARM.Collect$$$$0000000B)
    __rt_final_cpp                           0x08000199   Thumb Code     0  entry10a.o(.ARM.Collect$$$$0000000D)
    __rt_final_exit                          0x08000199   Thumb Code     0  entry11a.o(.ARM.Collect$$$$0000000F)
    Reset_Handler                            0x0800019d   Thumb Code     8  startup_stm32f407xx.o(.text)
    ADC_IRQHandler                           0x080001b7   Thumb Code     0  startup_stm32f407xx.o(.text)
    CAN1_RX0_IRQHandler                      0x080001b7   Thumb Code     0  startup_stm32f407xx.o(.text)
    CAN1_RX1_IRQHandler                      0x080001b7   Thumb Code     0  startup_stm32f407xx.o(.text)
    CAN1_SCE_IRQHandler                      0x080001b7   Thumb Code     0  startup_stm32f407xx.o(.text)
    CAN1_TX_IRQHandler                       0x080001b7   Thumb Code     0  startup_stm32f407xx.o(.text)
    CAN2_RX0_IRQHandler                      0x080001b7   Thumb Code     0  startup_stm32f407xx.o(.text)
    CAN2_RX1_IRQHandler                      0x080001b7   Thumb Code     0  startup_stm32f407xx.o(.text)
    CAN2_SCE_IRQHandler                      0x080001b7   Thumb Code     0  startup_stm32f407xx.o(.text)
    CAN2_TX_IRQHandler                       0x080001b7   Thumb Code     0  startup_stm32f407xx.o(.text)
    DCMI_IRQHandler                          0x080001b7   Thumb Code     0  startup_stm32f407xx.o(.text)
    DMA1_Stream0_IRQHandler                  0x080001b7   Thumb Code     0  startup_stm32f407xx.o(.text)
    DMA1_Stream1_IRQHandler                  0x080001b7   Thumb Code     0  startup_stm32f407xx.o(.text)
    DMA1_Stream2_IRQHandler                  0x080001b7   Thumb Code     0  startup_stm32f407xx.o(.text)
    DMA1_Stream3_IRQHandler                  0x080001b7   Thumb Code     0  startup_stm32f407xx.o(.text)
    DMA1_Stream4_IRQHandler                  0x080001b7   Thumb Code     0  startup_stm32f407xx.o(.text)
    DMA1_Stream5_IRQHandler                  0x080001b7   Thumb Code     0  startup_stm32f407xx.o(.text)
    DMA1_Stream6_IRQHandler                  0x080001b7   Thumb Code     0  startup_stm32f407xx.o(.text)
    DMA1_Stream7_IRQHandler                  0x080001b7   Thumb Code     0  startup_stm32f407xx.o(.text)
    DMA2_Stream0_IRQHandler                  0x080001b7   Thumb Code     0  startup_stm32f407xx.o(.text)
    DMA2_Stream1_IRQHandler                  0x080001b7   Thumb Code     0  startup_stm32f407xx.o(.text)
    DMA2_Stream2_IRQHandler                  0x080001b7   Thumb Code     0  startup_stm32f407xx.o(.text)
    DMA2_Stream3_IRQHandler                  0x080001b7   Thumb Code     0  startup_stm32f407xx.o(.text)
    DMA2_Stream4_IRQHandler                  0x080001b7   Thumb Code     0  startup_stm32f407xx.o(.text)
    DMA2_Stream5_IRQHandler                  0x080001b7   Thumb Code     0  startup_stm32f407xx.o(.text)
    DMA2_Stream6_IRQHandler                  0x080001b7   Thumb Code     0  startup_stm32f407xx.o(.text)
    DMA2_Stream7_IRQHandler                  0x080001b7   Thumb Code     0  startup_stm32f407xx.o(.text)
    ETH_IRQHandler                           0x080001b7   Thumb Code     0  startup_stm32f407xx.o(.text)
    ETH_WKUP_IRQHandler                      0x080001b7   Thumb Code     0  startup_stm32f407xx.o(.text)
    EXTI0_IRQHandler                         0x080001b7   Thumb Code     0  startup_stm32f407xx.o(.text)
    EXTI15_10_IRQHandler                     0x080001b7   Thumb Code     0  startup_stm32f407xx.o(.text)
    EXTI1_IRQHandler                         0x080001b7   Thumb Code     0  startup_stm32f407xx.o(.text)
    EXTI2_IRQHandler                         0x080001b7   Thumb Code     0  startup_stm32f407xx.o(.text)
    EXTI3_IRQHandler                         0x080001b7   Thumb Code     0  startup_stm32f407xx.o(.text)
    EXTI4_IRQHandler                         0x080001b7   Thumb Code     0  startup_stm32f407xx.o(.text)
    EXTI9_5_IRQHandler                       0x080001b7   Thumb Code     0  startup_stm32f407xx.o(.text)
    FLASH_IRQHandler                         0x080001b7   Thumb Code     0  startup_stm32f407xx.o(.text)
    FMC_IRQHandler                           0x080001b7   Thumb Code     0  startup_stm32f407xx.o(.text)
    FPU_IRQHandler                           0x080001b7   Thumb Code     0  startup_stm32f407xx.o(.text)
    HASH_RNG_IRQHandler                      0x080001b7   Thumb Code     0  startup_stm32f407xx.o(.text)
    I2C1_ER_IRQHandler                       0x080001b7   Thumb Code     0  startup_stm32f407xx.o(.text)
    I2C1_EV_IRQHandler                       0x080001b7   Thumb Code     0  startup_stm32f407xx.o(.text)
    I2C2_ER_IRQHandler                       0x080001b7   Thumb Code     0  startup_stm32f407xx.o(.text)
    I2C2_EV_IRQHandler                       0x080001b7   Thumb Code     0  startup_stm32f407xx.o(.text)
    I2C3_ER_IRQHandler                       0x080001b7   Thumb Code     0  startup_stm32f407xx.o(.text)
    I2C3_EV_IRQHandler                       0x080001b7   Thumb Code     0  startup_stm32f407xx.o(.text)
    OTG_FS_IRQHandler                        0x080001b7   Thumb Code     0  startup_stm32f407xx.o(.text)
    OTG_FS_WKUP_IRQHandler                   0x080001b7   Thumb Code     0  startup_stm32f407xx.o(.text)
    OTG_HS_EP1_IN_IRQHandler                 0x080001b7   Thumb Code     0  startup_stm32f407xx.o(.text)
    OTG_HS_EP1_OUT_IRQHandler                0x080001b7   Thumb Code     0  startup_stm32f407xx.o(.text)
    OTG_HS_IRQHandler                        0x080001b7   Thumb Code     0  startup_stm32f407xx.o(.text)
    OTG_HS_WKUP_IRQHandler                   0x080001b7   Thumb Code     0  startup_stm32f407xx.o(.text)
    PVD_IRQHandler                           0x080001b7   Thumb Code     0  startup_stm32f407xx.o(.text)
    RCC_IRQHandler                           0x080001b7   Thumb Code     0  startup_stm32f407xx.o(.text)
    RTC_Alarm_IRQHandler                     0x080001b7   Thumb Code     0  startup_stm32f407xx.o(.text)
    RTC_WKUP_IRQHandler                      0x080001b7   Thumb Code     0  startup_stm32f407xx.o(.text)
    SDIO_IRQHandler                          0x080001b7   Thumb Code     0  startup_stm32f407xx.o(.text)
    SPI1_IRQHandler                          0x080001b7   Thumb Code     0  startup_stm32f407xx.o(.text)
    SPI2_IRQHandler                          0x080001b7   Thumb Code     0  startup_stm32f407xx.o(.text)
    SPI3_IRQHandler                          0x080001b7   Thumb Code     0  startup_stm32f407xx.o(.text)
    TAMP_STAMP_IRQHandler                    0x080001b7   Thumb Code     0  startup_stm32f407xx.o(.text)
    TIM1_BRK_TIM9_IRQHandler                 0x080001b7   Thumb Code     0  startup_stm32f407xx.o(.text)
    TIM1_CC_IRQHandler                       0x080001b7   Thumb Code     0  startup_stm32f407xx.o(.text)
    TIM1_TRG_COM_TIM11_IRQHandler            0x080001b7   Thumb Code     0  startup_stm32f407xx.o(.text)
    TIM1_UP_TIM10_IRQHandler                 0x080001b7   Thumb Code     0  startup_stm32f407xx.o(.text)
    TIM2_IRQHandler                          0x080001b7   Thumb Code     0  startup_stm32f407xx.o(.text)
    TIM3_IRQHandler                          0x080001b7   Thumb Code     0  startup_stm32f407xx.o(.text)
    TIM4_IRQHandler                          0x080001b7   Thumb Code     0  startup_stm32f407xx.o(.text)
    TIM5_IRQHandler                          0x080001b7   Thumb Code     0  startup_stm32f407xx.o(.text)
    TIM6_DAC_IRQHandler                      0x080001b7   Thumb Code     0  startup_stm32f407xx.o(.text)
    TIM7_IRQHandler                          0x080001b7   Thumb Code     0  startup_stm32f407xx.o(.text)
    TIM8_BRK_TIM12_IRQHandler                0x080001b7   Thumb Code     0  startup_stm32f407xx.o(.text)
    TIM8_CC_IRQHandler                       0x080001b7   Thumb Code     0  startup_stm32f407xx.o(.text)
    TIM8_TRG_COM_TIM14_IRQHandler            0x080001b7   Thumb Code     0  startup_stm32f407xx.o(.text)
    TIM8_UP_TIM13_IRQHandler                 0x080001b7   Thumb Code     0  startup_stm32f407xx.o(.text)
    UART4_IRQHandler                         0x080001b7   Thumb Code     0  startup_stm32f407xx.o(.text)
    UART5_IRQHandler                         0x080001b7   Thumb Code     0  startup_stm32f407xx.o(.text)
    USART1_IRQHandler                        0x080001b7   Thumb Code     0  startup_stm32f407xx.o(.text)
    USART2_IRQHandler                        0x080001b7   Thumb Code     0  startup_stm32f407xx.o(.text)
    USART3_IRQHandler                        0x080001b7   Thumb Code     0  startup_stm32f407xx.o(.text)
    USART6_IRQHandler                        0x080001b7   Thumb Code     0  startup_stm32f407xx.o(.text)
    WWDG_IRQHandler                          0x080001b7   Thumb Code     0  startup_stm32f407xx.o(.text)
    __aeabi_memset                           0x080001c1   Thumb Code    14  memseta.o(.text)
    __aeabi_memset4                          0x080001c1   Thumb Code     0  memseta.o(.text)
    __aeabi_memset8                          0x080001c1   Thumb Code     0  memseta.o(.text)
    __aeabi_memclr                           0x080001cf   Thumb Code     4  memseta.o(.text)
    __aeabi_memclr4                          0x080001cf   Thumb Code     0  memseta.o(.text)
    __aeabi_memclr8                          0x080001cf   Thumb Code     0  memseta.o(.text)
    _memset$wrapper                          0x080001d3   Thumb Code    18  memseta.o(.text)
    strlen                                   0x080001e5   Thumb Code    14  strlen.o(.text)
    __aeabi_uidiv                            0x080001f3   Thumb Code     0  uidiv.o(.text)
    __aeabi_uidivmod                         0x080001f3   Thumb Code    44  uidiv.o(.text)
    __aeabi_uldivmod                         0x0800021f   Thumb Code    98  uldiv.o(.text)
    __I$use$fp                               0x08000281   Thumb Code     0  iusefp.o(.text)
    __aeabi_dadd                             0x08000281   Thumb Code   322  dadd.o(.text)
    __aeabi_dsub                             0x080003c3   Thumb Code     6  dadd.o(.text)
    __aeabi_drsub                            0x080003c9   Thumb Code     6  dadd.o(.text)
    __aeabi_dmul                             0x080003cf   Thumb Code   228  dmul.o(.text)
    __aeabi_ddiv                             0x080004b3   Thumb Code   222  ddiv.o(.text)
    __aeabi_d2ulz                            0x08000591   Thumb Code    48  dfixul.o(.text)
    __aeabi_cdrcmple                         0x080005c1   Thumb Code    48  cdrcmple.o(.text)
    __scatterload                            0x080005f1   Thumb Code    28  init.o(.text)
    __scatterload_rt2                        0x080005f1   Thumb Code     0  init.o(.text)
    __aeabi_llsl                             0x08000615   Thumb Code    30  llshl.o(.text)
    _ll_shift_l                              0x08000615   Thumb Code     0  llshl.o(.text)
    __aeabi_llsr                             0x08000633   Thumb Code    32  llushr.o(.text)
    _ll_ushift_r                             0x08000633   Thumb Code     0  llushr.o(.text)
    __aeabi_lasr                             0x08000653   Thumb Code    36  llsshr.o(.text)
    _ll_sshift_r                             0x08000653   Thumb Code     0  llsshr.o(.text)
    _double_round                            0x08000677   Thumb Code    30  depilogue.o(.text)
    _double_epilogue                         0x08000695   Thumb Code   156  depilogue.o(.text)
    BusFault_Handler                         0x08000731   Thumb Code     2  stm32f4xx_it.o(i.BusFault_Handler)
    DebugMon_Handler                         0x08000733   Thumb Code     2  stm32f4xx_it.o(i.DebugMon_Handler)
    FLASH_Erase_Sector                       0x08000735   Thumb Code    84  stm32f4xx_hal_flash_ex.o(i.FLASH_Erase_Sector)
    FLASH_FlushCaches                        0x0800078d   Thumb Code    80  stm32f4xx_hal_flash_ex.o(i.FLASH_FlushCaches)
    FLASH_WaitForLastOperation               0x08000901   Thumb Code    72  stm32f4xx_hal_flash.o(i.FLASH_WaitForLastOperation)
    HAL_CRC_Accumulate                       0x08000951   Thumb Code    50  stm32f4xx_hal_crc.o(i.HAL_CRC_Accumulate)
    HAL_CRC_Init                             0x08000983   Thumb Code    38  stm32f4xx_hal_crc.o(i.HAL_CRC_Init)
    HAL_CRC_MspInit                          0x080009a9   Thumb Code    30  stm32f4xx_hal_msp.o(i.HAL_CRC_MspInit)
    HAL_FLASHEx_Erase                        0x080009d1   Thumb Code   144  stm32f4xx_hal_flash_ex.o(i.HAL_FLASHEx_Erase)
    HAL_FLASHEx_OBGetConfig                  0x08000a69   Thumb Code    60  stm32f4xx_hal_flash_ex.o(i.HAL_FLASHEx_OBGetConfig)
    HAL_FLASH_Lock                           0x08000aa9   Thumb Code    14  stm32f4xx_hal_flash.o(i.HAL_FLASH_Lock)
    HAL_FLASH_OB_Lock                        0x08000abd   Thumb Code    14  stm32f4xx_hal_flash.o(i.HAL_FLASH_OB_Lock)
    HAL_FLASH_OB_Unlock                      0x08000ad1   Thumb Code    28  stm32f4xx_hal_flash.o(i.HAL_FLASH_OB_Unlock)
    HAL_FLASH_Program                        0x08000af9   Thumb Code   116  stm32f4xx_hal_flash.o(i.HAL_FLASH_Program)
    HAL_FLASH_Unlock                         0x08000b75   Thumb Code    28  stm32f4xx_hal_flash.o(i.HAL_FLASH_Unlock)
    HAL_GPIO_Init                            0x08000b9d   Thumb Code   388  stm32f4xx_hal_gpio.o(i.HAL_GPIO_Init)
    HAL_GPIO_ReadPin                         0x08000d4d   Thumb Code    10  stm32f4xx_hal_gpio.o(i.HAL_GPIO_ReadPin)
    HAL_GPIO_WritePin                        0x08000d57   Thumb Code    10  stm32f4xx_hal_gpio.o(i.HAL_GPIO_WritePin)
    HAL_GetTick                              0x08000d61   Thumb Code     6  stm32f4xx_hal.o(i.HAL_GetTick)
    HAL_IncTick                              0x08000d6d   Thumb Code    10  stm32f4xx_hal.o(i.HAL_IncTick)
    HAL_Init                                 0x08000d7d   Thumb Code    48  stm32f4xx_hal.o(i.HAL_Init)
    HAL_InitTick                             0x08000db1   Thumb Code    34  stm32f4xx_hal.o(i.HAL_InitTick)
    HAL_MspInit                              0x08000dd9   Thumb Code    88  stm32f4xx_hal_msp.o(i.HAL_MspInit)
    HAL_NVIC_SetPriority                     0x08000e31   Thumb Code    60  stm32f4xx_hal_cortex.o(i.HAL_NVIC_SetPriority)
    HAL_NVIC_SetPriorityGrouping             0x08000e71   Thumb Code    26  stm32f4xx_hal_cortex.o(i.HAL_NVIC_SetPriorityGrouping)
    HAL_RCC_ClockConfig                      0x08000e95   Thumb Code   364  stm32f4xx_hal_rcc.o(i.HAL_RCC_ClockConfig)
    HAL_RCC_GetHCLKFreq                      0x08001011   Thumb Code     6  stm32f4xx_hal_rcc.o(i.HAL_RCC_GetHCLKFreq)
    HAL_RCC_GetPCLK1Freq                     0x0800101d   Thumb Code    34  stm32f4xx_hal_rcc.o(i.HAL_RCC_GetPCLK1Freq)
    HAL_RCC_GetPCLK2Freq                     0x0800104d   Thumb Code    34  stm32f4xx_hal_rcc.o(i.HAL_RCC_GetPCLK2Freq)
    HAL_RCC_GetSysClockFreq                  0x0800107d   Thumb Code   104  stm32f4xx_hal_rcc.o(i.HAL_RCC_GetSysClockFreq)
    HAL_RCC_OscConfig                        0x080010f1   Thumb Code   770  stm32f4xx_hal_rcc.o(i.HAL_RCC_OscConfig)
    HAL_SYSTICK_CLKSourceConfig              0x08001405   Thumb Code    24  stm32f4xx_hal_cortex.o(i.HAL_SYSTICK_CLKSourceConfig)
    HAL_SYSTICK_Callback                     0x0800141d   Thumb Code     2  stm32f4xx_hal_cortex.o(i.HAL_SYSTICK_Callback)
    HAL_SYSTICK_Config                       0x0800141f   Thumb Code    40  stm32f4xx_hal_cortex.o(i.HAL_SYSTICK_Config)
    HAL_SYSTICK_IRQHandler                   0x08001447   Thumb Code     8  stm32f4xx_hal_cortex.o(i.HAL_SYSTICK_IRQHandler)
    HAL_UART_Init                            0x0800144f   Thumb Code    98  stm32f4xx_hal_uart.o(i.HAL_UART_Init)
    HAL_UART_MspInit                         0x080014b1   Thumb Code    92  stm32f4xx_hal_msp.o(i.HAL_UART_MspInit)
    HAL_UART_Receive                         0x08001521   Thumb Code   184  stm32f4xx_hal_uart.o(i.HAL_UART_Receive)
    HAL_UART_Transmit                        0x080015d9   Thumb Code   186  stm32f4xx_hal_uart.o(i.HAL_UART_Transmit)
    HardFault_Handler                        0x08001693   Thumb Code     2  stm32f4xx_it.o(i.HardFault_Handler)
    MemManage_Handler                        0x0800172d   Thumb Code     2  stm32f4xx_it.o(i.MemManage_Handler)
    NMI_Handler                              0x0800172f   Thumb Code     2  stm32f4xx_it.o(i.NMI_Handler)
    PendSV_Handler                           0x08001751   Thumb Code     2  stm32f4xx_it.o(i.PendSV_Handler)
    SVC_Handler                              0x08001753   Thumb Code     2  stm32f4xx_it.o(i.SVC_Handler)
    SysTick_Handler                          0x08001755   Thumb Code    14  stm32f4xx_it.o(i.SysTick_Handler)
    SystemClock_Config                       0x08001765   Thumb Code   146  main.o(i.SystemClock_Config)
    SystemInit                               0x08001801   Thumb Code    66  system_stm32f4xx.o(i.SystemInit)
    UsageFault_Handler                       0x08001b65   Thumb Code     2  stm32f4xx_it.o(i.UsageFault_Handler)
    __0vsprintf                              0x08001b69   Thumb Code    30  printfa.o(i.__0vsprintf)
    __1vsprintf                              0x08001b69   Thumb Code     0  printfa.o(i.__0vsprintf)
    __2vsprintf                              0x08001b69   Thumb Code     0  printfa.o(i.__0vsprintf)
    __c89vsprintf                            0x08001b69   Thumb Code     0  printfa.o(i.__0vsprintf)
    vsprintf                                 0x08001b69   Thumb Code     0  printfa.o(i.__0vsprintf)
    __scatterload_copy                       0x08001b8d   Thumb Code    14  handlers.o(i.__scatterload_copy)
    __scatterload_null                       0x08001b9b   Thumb Code     2  handlers.o(i.__scatterload_null)
    __scatterload_zeroinit                   0x08001b9d   Thumb Code    14  handlers.o(i.__scatterload_zeroinit)
    bootloader_handle_dis_rw_protect         0x08002469   Thumb Code    96  main.o(i.bootloader_handle_dis_rw_protect)
    bootloader_handle_en_rw_protect          0x08002569   Thumb Code    96  main.o(i.bootloader_handle_en_rw_protect)
    bootloader_handle_flash_erase_cmd        0x0800266d   Thumb Code   130  main.o(i.bootloader_handle_flash_erase_cmd)
    bootloader_handle_getcid_cmd             0x080027d1   Thumb Code    92  main.o(i.bootloader_handle_getcid_cmd)
    bootloader_handle_gethelp_cmd            0x080028c5   Thumb Code    72  main.o(i.bootloader_handle_gethelp_cmd)
    bootloader_handle_getrdp_cmd             0x08002989   Thumb Code    92  main.o(i.bootloader_handle_getrdp_cmd)
    bootloader_handle_getver_cmd             0x08002a7d   Thumb Code    80  main.o(i.bootloader_handle_getver_cmd)
    bootloader_handle_go_cmd                 0x08002b5d   Thumb Code   126  main.o(i.bootloader_handle_go_cmd)
    bootloader_handle_mem_write_cmd          0x08002cb5   Thumb Code   160  main.o(i.bootloader_handle_mem_write_cmd)
    bootloader_handle_read_sector_protection_status 0x08002e4d   Thumb Code    84  main.o(i.bootloader_handle_read_sector_protection_status)
    bootloader_jump_to_user_app              0x08002f49   Thumb Code    42  main.o(i.bootloader_jump_to_user_app)
    bootloader_send_ack                      0x08002ff5   Thumb Code    28  main.o(i.bootloader_send_ack)
    bootloader_send_nack                     0x08003015   Thumb Code    24  main.o(i.bootloader_send_nack)
    bootloader_uart_read_data                0x08003031   Thumb Code   156  main.o(i.bootloader_uart_read_data)
    bootloader_uart_write_data               0x08003109   Thumb Code    14  main.o(i.bootloader_uart_write_data)
    bootloader_verify_crc                    0x0800311d   Thumb Code    58  main.o(i.bootloader_verify_crc)
    configure_flash_sector_rw_protection     0x0800315d   Thumb Code   162  main.o(i.configure_flash_sector_rw_protection)
    execute_flash_erase                      0x08003205   Thumb Code    76  main.o(i.execute_flash_erase)
    execute_mem_write                        0x08003251   Thumb Code    52  main.o(i.execute_mem_write)
    get_flash_rdp_level                      0x08003285   Thumb Code    10  main.o(i.get_flash_rdp_level)
    get_mcu_chip_id                          0x08003295   Thumb Code    10  main.o(i.get_mcu_chip_id)
    main                                     0x080032a5   Thumb Code   130  main.o(i.main)
    read_OB_rw_protection_status             0x080033dd   Thumb Code    26  main.o(i.read_OB_rw_protection_status)
    verify_address                           0x080033f9   Thumb Code    48  main.o(i.verify_address)
    AHBPrescTable                            0x08003430   Data          16  system_stm32f4xx.o(.constdata)
    APBPrescTable                            0x08003440   Data           8  system_stm32f4xx.o(.constdata)
    Region$$Table$$Base                      0x08003448   Number         0  anon$$obj.o(Region$$Table)
    Region$$Table$$Limit                     0x08003468   Number         0  anon$$obj.o(Region$$Table)
    SystemCoreClock                          0x20000000   Data           4  system_stm32f4xx.o(.data)
    uwTick                                   0x20000004   Data           4  stm32f4xx_hal.o(.data)
    supported_commands                       0x20000008   Data           8  main.o(.data)
    hcrc                                     0x20000010   Data           8  main.o(.data)
    pFlash                                   0x20000018   Data          32  stm32f4xx_hal_flash.o(.bss)
    huart2                                   0x20000038   Data          64  main.o(.bss)
    huart3                                   0x20000078   Data          64  main.o(.bss)
    bl_rx_buffer                             0x200000b8   Data         200  main.o(.bss)
    __initial_sp                             0x20000580   Data           0  startup_stm32f407xx.o(STACK)



==============================================================================

Memory Map of the image

  Image Entry point : 0x08000189

  Load Region LR_IROM1 (Base: 0x08000000, Size: 0x00003480, Max: 0x00100000, ABSOLUTE)

    Execution Region ER_IROM1 (Exec base: 0x08000000, Load base: 0x08000000, Size: 0x00003468, Max: 0x00100000, ABSOLUTE)

    Exec Addr    Load Addr    Size         Type   Attr      Idx    E Section Name        Object

    0x08000000   0x08000000   0x00000188   Data   RO         1571    RESET               startup_stm32f407xx.o
    0x08000188   0x08000188   0x00000000   Code   RO         1917  * .ARM.Collect$$$$00000000  mc_w.l(entry.o)
    0x08000188   0x08000188   0x00000004   Code   RO         1952    .ARM.Collect$$$$00000001  mc_w.l(entry2.o)
    0x0800018c   0x0800018c   0x00000004   Code   RO         1955    .ARM.Collect$$$$00000004  mc_w.l(entry5.o)
    0x08000190   0x08000190   0x00000000   Code   RO         1957    .ARM.Collect$$$$00000008  mc_w.l(entry7b.o)
    0x08000190   0x08000190   0x00000000   Code   RO         1959    .ARM.Collect$$$$0000000A  mc_w.l(entry8b.o)
    0x08000190   0x08000190   0x00000008   Code   RO         1960    .ARM.Collect$$$$0000000B  mc_w.l(entry9a.o)
    0x08000198   0x08000198   0x00000000   Code   RO         1962    .ARM.Collect$$$$0000000D  mc_w.l(entry10a.o)
    0x08000198   0x08000198   0x00000000   Code   RO         1964    .ARM.Collect$$$$0000000F  mc_w.l(entry11a.o)
    0x08000198   0x08000198   0x00000004   Code   RO         1953    .ARM.Collect$$$$00002712  mc_w.l(entry2.o)
    0x0800019c   0x0800019c   0x00000024   Code   RO         1572    .text               startup_stm32f407xx.o
    0x080001c0   0x080001c0   0x00000024   Code   RO         1920    .text               mc_w.l(memseta.o)
    0x080001e4   0x080001e4   0x0000000e   Code   RO         1922    .text               mc_w.l(strlen.o)
    0x080001f2   0x080001f2   0x0000002c   Code   RO         1969    .text               mc_w.l(uidiv.o)
    0x0800021e   0x0800021e   0x00000062   Code   RO         1971    .text               mc_w.l(uldiv.o)
    0x08000280   0x08000280   0x00000000   Code   RO         1973    .text               mc_w.l(iusefp.o)
    0x08000280   0x08000280   0x0000014e   Code   RO         1974    .text               mf_w.l(dadd.o)
    0x080003ce   0x080003ce   0x000000e4   Code   RO         1976    .text               mf_w.l(dmul.o)
    0x080004b2   0x080004b2   0x000000de   Code   RO         1978    .text               mf_w.l(ddiv.o)
    0x08000590   0x08000590   0x00000030   Code   RO         1980    .text               mf_w.l(dfixul.o)
    0x080005c0   0x080005c0   0x00000030   Code   RO         1982    .text               mf_w.l(cdrcmple.o)
    0x080005f0   0x080005f0   0x00000024   Code   RO         1984    .text               mc_w.l(init.o)
    0x08000614   0x08000614   0x0000001e   Code   RO         1987    .text               mc_w.l(llshl.o)
    0x08000632   0x08000632   0x00000020   Code   RO         1989    .text               mc_w.l(llushr.o)
    0x08000652   0x08000652   0x00000024   Code   RO         1991    .text               mc_w.l(llsshr.o)
    0x08000676   0x08000676   0x000000ba   Code   RO         1994    .text               mf_w.l(depilogue.o)
    0x08000730   0x08000730   0x00000002   Code   RO         1579    i.BusFault_Handler  stm32f4xx_it.o
    0x08000732   0x08000732   0x00000002   Code   RO         1580    i.DebugMon_Handler  stm32f4xx_it.o
    0x08000734   0x08000734   0x00000058   Code   RO          131    i.FLASH_Erase_Sector  stm32f4xx_hal_flash_ex.o
    0x0800078c   0x0800078c   0x00000054   Code   RO          132    i.FLASH_FlushCaches  stm32f4xx_hal_flash_ex.o
    0x080007e0   0x080007e0   0x00000028   Code   RO          133    i.FLASH_MassErase   stm32f4xx_hal_flash_ex.o
    0x08000808   0x08000808   0x00000020   Code   RO          390    i.FLASH_Program_Byte  stm32f4xx_hal_flash.o
    0x08000828   0x08000828   0x00000028   Code   RO          391    i.FLASH_Program_DoubleWord  stm32f4xx_hal_flash.o
    0x08000850   0x08000850   0x00000024   Code   RO          392    i.FLASH_Program_HalfWord  stm32f4xx_hal_flash.o
    0x08000874   0x08000874   0x00000024   Code   RO          393    i.FLASH_Program_Word  stm32f4xx_hal_flash.o
    0x08000898   0x08000898   0x00000068   Code   RO          394    i.FLASH_SetErrorCode  stm32f4xx_hal_flash.o
    0x08000900   0x08000900   0x00000050   Code   RO          395    i.FLASH_WaitForLastOperation  stm32f4xx_hal_flash.o
    0x08000950   0x08000950   0x00000032   Code   RO          195    i.HAL_CRC_Accumulate  stm32f4xx_hal_crc.o
    0x08000982   0x08000982   0x00000026   Code   RO          199    i.HAL_CRC_Init      stm32f4xx_hal_crc.o
    0x080009a8   0x080009a8   0x00000028   Code   RO         1655    i.HAL_CRC_MspInit   stm32f4xx_hal_msp.o
    0x080009d0   0x080009d0   0x00000098   Code   RO          134    i.HAL_FLASHEx_Erase  stm32f4xx_hal_flash_ex.o
    0x08000a68   0x08000a68   0x00000040   Code   RO          136    i.HAL_FLASHEx_OBGetConfig  stm32f4xx_hal_flash_ex.o
    0x08000aa8   0x08000aa8   0x00000014   Code   RO          399    i.HAL_FLASH_Lock    stm32f4xx_hal_flash.o
    0x08000abc   0x08000abc   0x00000014   Code   RO          401    i.HAL_FLASH_OB_Lock  stm32f4xx_hal_flash.o
    0x08000ad0   0x08000ad0   0x00000028   Code   RO          402    i.HAL_FLASH_OB_Unlock  stm32f4xx_hal_flash.o
    0x08000af8   0x08000af8   0x0000007c   Code   RO          404    i.HAL_FLASH_Program  stm32f4xx_hal_flash.o
    0x08000b74   0x08000b74   0x00000028   Code   RO          406    i.HAL_FLASH_Unlock  stm32f4xx_hal_flash.o
    0x08000b9c   0x08000b9c   0x000001b0   Code   RO          606    i.HAL_GPIO_Init     stm32f4xx_hal_gpio.o
    0x08000d4c   0x08000d4c   0x0000000a   Code   RO          608    i.HAL_GPIO_ReadPin  stm32f4xx_hal_gpio.o
    0x08000d56   0x08000d56   0x0000000a   Code   RO          610    i.HAL_GPIO_WritePin  stm32f4xx_hal_gpio.o
    0x08000d60   0x08000d60   0x0000000c   Code   RO         1052    i.HAL_GetTick       stm32f4xx_hal.o
    0x08000d6c   0x08000d6c   0x00000010   Code   RO         1054    i.HAL_IncTick       stm32f4xx_hal.o
    0x08000d7c   0x08000d7c   0x00000034   Code   RO         1055    i.HAL_Init          stm32f4xx_hal.o
    0x08000db0   0x08000db0   0x00000028   Code   RO         1056    i.HAL_InitTick      stm32f4xx_hal.o
    0x08000dd8   0x08000dd8   0x00000058   Code   RO         1656    i.HAL_MspInit       stm32f4xx_hal_msp.o
    0x08000e30   0x08000e30   0x00000040   Code   RO          266    i.HAL_NVIC_SetPriority  stm32f4xx_hal_cortex.o
    0x08000e70   0x08000e70   0x00000024   Code   RO          267    i.HAL_NVIC_SetPriorityGrouping  stm32f4xx_hal_cortex.o
    0x08000e94   0x08000e94   0x0000017c   Code   RO          896    i.HAL_RCC_ClockConfig  stm32f4xx_hal_rcc.o
    0x08001010   0x08001010   0x0000000c   Code   RO          901    i.HAL_RCC_GetHCLKFreq  stm32f4xx_hal_rcc.o
    0x0800101c   0x0800101c   0x00000030   Code   RO          903    i.HAL_RCC_GetPCLK1Freq  stm32f4xx_hal_rcc.o
    0x0800104c   0x0800104c   0x00000030   Code   RO          904    i.HAL_RCC_GetPCLK2Freq  stm32f4xx_hal_rcc.o
    0x0800107c   0x0800107c   0x00000074   Code   RO          905    i.HAL_RCC_GetSysClockFreq  stm32f4xx_hal_rcc.o
    0x080010f0   0x080010f0   0x00000314   Code   RO          908    i.HAL_RCC_OscConfig  stm32f4xx_hal_rcc.o
    0x08001404   0x08001404   0x00000018   Code   RO          269    i.HAL_SYSTICK_CLKSourceConfig  stm32f4xx_hal_cortex.o
    0x0800141c   0x0800141c   0x00000002   Code   RO          270    i.HAL_SYSTICK_Callback  stm32f4xx_hal_cortex.o
    0x0800141e   0x0800141e   0x00000028   Code   RO          271    i.HAL_SYSTICK_Config  stm32f4xx_hal_cortex.o
    0x08001446   0x08001446   0x00000008   Code   RO          272    i.HAL_SYSTICK_IRQHandler  stm32f4xx_hal_cortex.o
    0x0800144e   0x0800144e   0x00000062   Code   RO         1253    i.HAL_UART_Init     stm32f4xx_hal_uart.o
    0x080014b0   0x080014b0   0x00000070   Code   RO         1658    i.HAL_UART_MspInit  stm32f4xx_hal_msp.o
    0x08001520   0x08001520   0x000000b8   Code   RO         1256    i.HAL_UART_Receive  stm32f4xx_hal_uart.o
    0x080015d8   0x080015d8   0x000000ba   Code   RO         1261    i.HAL_UART_Transmit  stm32f4xx_hal_uart.o
    0x08001692   0x08001692   0x00000002   Code   RO         1581    i.HardFault_Handler  stm32f4xx_it.o
    0x08001694   0x08001694   0x00000098   Code   RO         1702    i.MX_GPIO_Init      main.o
    0x0800172c   0x0800172c   0x00000002   Code   RO         1582    i.MemManage_Handler  stm32f4xx_it.o
    0x0800172e   0x0800172e   0x00000002   Code   RO         1583    i.NMI_Handler       stm32f4xx_it.o
    0x08001730   0x08001730   0x00000020   Code   RO          273    i.NVIC_SetPriority  stm32f4xx_hal_cortex.o
    0x08001750   0x08001750   0x00000002   Code   RO         1584    i.PendSV_Handler    stm32f4xx_it.o
    0x08001752   0x08001752   0x00000002   Code   RO         1585    i.SVC_Handler       stm32f4xx_it.o
    0x08001754   0x08001754   0x0000000e   Code   RO         1586    i.SysTick_Handler   stm32f4xx_it.o
    0x08001762   0x08001762   0x00000002   PAD
    0x08001764   0x08001764   0x0000009c   Code   RO         1703    i.SystemClock_Config  main.o
    0x08001800   0x08001800   0x00000054   Code   RO            5    i.SystemInit        system_stm32f4xx.o
    0x08001854   0x08001854   0x000002ac   Code   RO         1279    i.UART_SetConfig    stm32f4xx_hal_uart.o
    0x08001b00   0x08001b00   0x00000064   Code   RO         1281    i.UART_WaitOnFlagUntilTimeout  stm32f4xx_hal_uart.o
    0x08001b64   0x08001b64   0x00000002   Code   RO         1587    i.UsageFault_Handler  stm32f4xx_it.o
    0x08001b66   0x08001b66   0x00000002   PAD
    0x08001b68   0x08001b68   0x00000024   Code   RO         1931    i.__0vsprintf       mc_w.l(printfa.o)
    0x08001b8c   0x08001b8c   0x0000000e   Code   RO         1998    i.__scatterload_copy  mc_w.l(handlers.o)
    0x08001b9a   0x08001b9a   0x00000002   Code   RO         1999    i.__scatterload_null  mc_w.l(handlers.o)
    0x08001b9c   0x08001b9c   0x0000000e   Code   RO         2000    i.__scatterload_zeroinit  mc_w.l(handlers.o)
    0x08001baa   0x08001baa   0x00000002   PAD
    0x08001bac   0x08001bac   0x00000184   Code   RO         1932    i._fp_digits        mc_w.l(printfa.o)
    0x08001d30   0x08001d30   0x000006dc   Code   RO         1933    i._printf_core      mc_w.l(printfa.o)
    0x0800240c   0x0800240c   0x00000024   Code   RO         1934    i._printf_post_padding  mc_w.l(printfa.o)
    0x08002430   0x08002430   0x0000002e   Code   RO         1935    i._printf_pre_padding  mc_w.l(printfa.o)
    0x0800245e   0x0800245e   0x0000000a   Code   RO         1937    i._sputc            mc_w.l(printfa.o)
    0x08002468   0x08002468   0x00000100   Code   RO         1705    i.bootloader_handle_dis_rw_protect  main.o
    0x08002568   0x08002568   0x00000104   Code   RO         1706    i.bootloader_handle_en_rw_protect  main.o
    0x0800266c   0x0800266c   0x00000164   Code   RO         1707    i.bootloader_handle_flash_erase_cmd  main.o
    0x080027d0   0x080027d0   0x000000f4   Code   RO         1708    i.bootloader_handle_getcid_cmd  main.o
    0x080028c4   0x080028c4   0x000000c4   Code   RO         1709    i.bootloader_handle_gethelp_cmd  main.o
    0x08002988   0x08002988   0x000000f4   Code   RO         1710    i.bootloader_handle_getrdp_cmd  main.o
    0x08002a7c   0x08002a7c   0x000000e0   Code   RO         1711    i.bootloader_handle_getver_cmd  main.o
    0x08002b5c   0x08002b5c   0x00000158   Code   RO         1712    i.bootloader_handle_go_cmd  main.o
    0x08002cb4   0x08002cb4   0x00000198   Code   RO         1714    i.bootloader_handle_mem_write_cmd  main.o
    0x08002e4c   0x08002e4c   0x000000fc   Code   RO         1716    i.bootloader_handle_read_sector_protection_status  main.o
    0x08002f48   0x08002f48   0x000000ac   Code   RO         1717    i.bootloader_jump_to_user_app  main.o
    0x08002ff4   0x08002ff4   0x00000020   Code   RO         1718    i.bootloader_send_ack  main.o
    0x08003014   0x08003014   0x0000001c   Code   RO         1719    i.bootloader_send_nack  main.o
    0x08003030   0x08003030   0x000000d8   Code   RO         1720    i.bootloader_uart_read_data  main.o
    0x08003108   0x08003108   0x00000014   Code   RO         1721    i.bootloader_uart_write_data  main.o
    0x0800311c   0x0800311c   0x00000040   Code   RO         1722    i.bootloader_verify_crc  main.o
    0x0800315c   0x0800315c   0x000000a8   Code   RO         1723    i.configure_flash_sector_rw_protection  main.o
    0x08003204   0x08003204   0x0000004c   Code   RO         1724    i.execute_flash_erase  main.o
    0x08003250   0x08003250   0x00000034   Code   RO         1725    i.execute_mem_write  main.o
    0x08003284   0x08003284   0x00000010   Code   RO         1728    i.get_flash_rdp_level  main.o
    0x08003294   0x08003294   0x00000010   Code   RO         1729    i.get_mcu_chip_id   main.o
    0x080032a4   0x080032a4   0x00000108   Code   RO         1730    i.main              main.o
    0x080033ac   0x080033ac   0x00000030   Code   RO         1731    i.printmsg          main.o
    0x080033dc   0x080033dc   0x0000001a   Code   RO         1732    i.read_OB_rw_protection_status  main.o
    0x080033f6   0x080033f6   0x00000002   PAD
    0x080033f8   0x080033f8   0x00000038   Code   RO         1733    i.verify_address    main.o
    0x08003430   0x08003430   0x00000010   Data   RO            6    .constdata          system_stm32f4xx.o
    0x08003440   0x08003440   0x00000008   Data   RO            7    .constdata          system_stm32f4xx.o
    0x08003448   0x08003448   0x00000020   Data   RO         1996    Region$$Table       anon$$obj.o


    Execution Region RW_IRAM1 (Exec base: 0x20000000, Load base: 0x08003468, Size: 0x00000580, Max: 0x00020000, ABSOLUTE)

    Exec Addr    Load Addr    Size         Type   Attr      Idx    E Section Name        Object

    0x20000000   0x08003468   0x00000004   Data   RW            8    .data               system_stm32f4xx.o
    0x20000004   0x0800346c   0x00000004   Data   RW         1061    .data               stm32f4xx_hal.o
    0x20000008   0x08003470   0x00000010   Data   RW         1735    .data               main.o
    0x20000018        -       0x00000020   Zero   RW          407    .bss                stm32f4xx_hal_flash.o
    0x20000038        -       0x00000148   Zero   RW         1734    .bss                main.o
    0x20000180        -       0x00000400   Zero   RW         1569    STACK               startup_stm32f407xx.o


==============================================================================

Image component sizes


      Code (inc. data)   RO Data    RW Data    ZI Data      Debug   Object Name

      4346       2166          0         16        328      25775   main.o
        36          8        392          0       1024        832   startup_stm32f407xx.o
       120         22          0          4          0       3999   stm32f4xx_hal.o
       206         14          0          0          0      31712   stm32f4xx_hal_cortex.o
        88          0          0          0          0       1964   stm32f4xx_hal_crc.o
       572         84          0          0         32       8148   stm32f4xx_hal_flash.o
       428         26          0          0          0       4976   stm32f4xx_hal_flash_ex.o
       452         44          0          0          0       3207   stm32f4xx_hal_gpio.o
       240         30          0          0          0       2263   stm32f4xx_hal_msp.o
      1392         80          0          0          0       5872   stm32f4xx_hal_rcc.o
      1252          8          0          0          0       5443   stm32f4xx_hal_uart.o
        30          0          0          0          0       4398   stm32f4xx_it.o
        84         18         24          4          0     658703   system_stm32f4xx.o

    ----------------------------------------------------------------------
      9252       2500        448         24       1384     757292   Object Totals
         0          0         32          0          0          0   (incl. Generated)
         6          0          0          0          0          0   (incl. Padding)

    ----------------------------------------------------------------------

      Code (inc. data)   RO Data    RW Data    ZI Data      Debug   Library Member Name

         0          0          0          0          0          0   entry.o
         0          0          0          0          0          0   entry10a.o
         0          0          0          0          0          0   entry11a.o
         8          4          0          0          0          0   entry2.o
         4          0          0          0          0          0   entry5.o
         0          0          0          0          0          0   entry7b.o
         0          0          0          0          0          0   entry8b.o
         8          4          0          0          0          0   entry9a.o
        30          0          0          0          0          0   handlers.o
        36          8          0          0          0         68   init.o
         0          0          0          0          0          0   iusefp.o
        30          0          0          0          0         68   llshl.o
        36          0          0          0          0         68   llsshr.o
        32          0          0          0          0         68   llushr.o
        36          0          0          0          0        108   memseta.o
      2272         86          0          0          0        516   printfa.o
        14          0          0          0          0         68   strlen.o
        44          0          0          0          0         80   uidiv.o
        98          0          0          0          0         92   uldiv.o
        48          0          0          0          0         68   cdrcmple.o
       334          0          0          0          0        148   dadd.o
       222          0          0          0          0        100   ddiv.o
       186          0          0          0          0        176   depilogue.o
        48          0          0          0          0         68   dfixul.o
       228          0          0          0          0         96   dmul.o

    ----------------------------------------------------------------------
      3716        102          0          0          0       1792   Library Totals
         2          0          0          0          0          0   (incl. Padding)

    ----------------------------------------------------------------------

      Code (inc. data)   RO Data    RW Data    ZI Data      Debug   Library Name

      2648        102          0          0          0       1136   mc_w.l
      1066          0          0          0          0        656   mf_w.l

    ----------------------------------------------------------------------
      3716        102          0          0          0       1792   Library Totals

    ----------------------------------------------------------------------

==============================================================================


      Code (inc. data)   RO Data    RW Data    ZI Data      Debug   

     12968       2602        448         24       1384     750904   Grand Totals
     12968       2602        448         24       1384     750904   ELF Image Totals
     12968       2602        448         24          0          0   ROM Totals

==============================================================================

    Total RO  Size (Code + RO Data)                13416 (  13.10kB)
    Total RW  Size (RW Data + ZI Data)              1408 (   1.38kB)
    Total ROM Size (Code + RO Data + RW Data)      13440 (  13.13kB)

==============================================================================

